@paulwalk NN
It PRP
's POS
the DT
view NN
from IN
where WRB
I PRP
'm VBP
living VBG
for IN
two CD
weeks NNS
. .
Empire NNP
State NN
Building NNP
= SYM
ESB NN
. .
Pretty NN
bad JJ
storm NN
here RB
last JJ
evening NN
. .
Small JJ
Biz NN
Tech NN
Tour NN
2010 CD
Launches NN
Five CD
City NN
Tour NN
MONTCLAIR NN
N.J. NNP
...: NN
The DT
all DT
day NN
event NN
features NNS
America's... NN
http://tinyurl.com/28hd9fu NN
#fb NN
@MiSS_SOTO NN
I PRP
think VBP
that IN
's POS
when WRB
I PRP
'm VBP
gonna NN
be VB
there EX
On IN
Thanksgiving NNP
after IN
you PRP
done VBN
eating VBG
its PRP$
#TimeToGetOut NN
unless IN
you PRP
wanna NN
help VB
with IN
the DT
dishes NN
RT NN
@robmoysey NN
Eyeopener NN
vs NN
. .
Ryerson NN
Quidditch NN
team NN
this DT
Sunday NNP
at IN
4 CD
p.m. NN
Anyone NN
know VB
where WRB
to TO
get VB
cheap JJ
brooms NN
? .
#Ryerson NN
@RUQuidditch NN
#Rams NN
RT NN
@ZodiacFacts NN
: :
#ZodiacFacts NN
As IN
an DT
#Aries NN
romance NN
is VBZ
n't RB
about IN
what WP
you PRP
're VBP
after IN
-- :
it PRP
's POS
about IN
taking VBG
chances NNS
, ,
exploring VBG
and CC
keeping VBG
an DT
... :
ThAnK NN
gOd NN
ItS NN
fRiDaY NN
!! NN
I PRP
think VBP
that IN
today NN
the DT
party NN
has VBZ
been VBN
canceled VBN
makes VBZ
too RB
much JJ
air NN
in IN
the DT
street NN
loll NN
. .
miss VB
u NN
twitfriends NN
. .
xx NN
Gotta NN
dress NN
up IN
for IN
london NN
fashion NN
week NN
and CC
party NN
in IN
style NN
! .
@rattleknackers NN
amusing JJ
? .
This DT
is VBZ
some DT
of IN
the DT
greatest JJS
music NN
of IN
all DT
time NN
, ,
my PRP$
foot NN
has VBZ
n't RB
stopped VBD
tapping NN
all DT
night NN
@aplusk NN
http://www.youtube.com/watch?v=eLMui7zBiXo NN
we PRP
beat VB
kilkenny NN
after IN
they PRP
beat VB
us PRP
for IN
the DT
last JJ
4 CD
years NNS
in IN
the DT
hurling NN
. .
Woo NN
!!! NN
@MakethisRalate NN
good JJ
luck NN
at IN
Elliot NN
Miner NN
:D NN
yous NN
were VBD
greaaaat NN
tonight RB
&lt; NN
3 CD
xx NN
@snufflesgirl25 NN
@mo9x NN
Well UH
. .
just RB
beg NN
@100monkeysmusic NN
.. NN
PLEASE NN
come VB
to TO
the DT
#SBLeurope NN
Next JJ
year NN
!. NN
We PRP
need VBP
you PRP
there EX
! .
*puss NN
in IN
boots NNS
eyes* NN
Kk NN
its PRP$
22:48 NN
friday NN
nyt NN
:D NN
really RB
tired VBN
so RB
imma NN
go VB
to TO
sleep VBP
:) NN
good JJ
nyt NN
x NN
god NN
bles NN
xxxxx NN
@ConorMc_Ginty NN
GaGa NN
played VBN
here RB
a DT
few JJ
weeks NNS
back RB
. .
She PRP
spoke VBD
out IN
against IN
SB1070 NN
during IN
the DT
show VB
. .
God NNP
bless NN
her PRP$
for IN
that IN
. .
@DaylySpecialz NN
im NN
doin NN
good JJ
, ,
just RB
maxin NN
& CC
relaxin NN
on IN
my PRP$
day NN
off IN
... :
i NN
have VBP
a DT
4 CD
day NN
stetch NN
startin NN
tomorrow NN
. .
I PRP
just RB
took VBD
" NN
After IN
getting VBG
trampled NN
at IN
a DT
Justin NN
Bieber NN
concert NN
, ,
yoiu NN
wake NN
up IN
and CC
..." NN
and CC
got VBD
: :
Part NN
6 CD
:) NN
! .
Try VB
it PRP
: :
http://tinyurl.com/26zeju5 NN
@k8_walsh NN
I PRP
've VBP
been VBN
out IN
of IN
the DT
loop NN
, ,
but CC
is VBZ
Private NNP
Practice NN
coming VBG
back RB
this DT
year NN
? .
I PRP
just RB
took VBD
" NN
After IN
getting VBG
trampled NN
at IN
a DT
Justin NN
Bieber NN
concert NN
, ,
yoiu NN
wake NN
up IN
and CC
..." NN
and CC
got VBD
: :
Part NN
6 CD
:) NN
! .
Try VB
it PRP
: :
http://tinyurl.com/233u5lu NN
RT NN
@Mickey__Rourke NN
: :
58 CD
years NNS
ago RB
today NN
I PRP
tumbled VBD
from IN
my PRP$
mother NN
's POS
womb NN
with IN
a DT
cigarette NN
in IN
my PRP$
mouth NN
and CC
a DT
chihuahua NN
puppy NN
under IN
each DT
arm NN
... :
Amazon NNP
U.K. JJ
Offering NN
HTC NN
Desire NN
Z NN
Unlocked NN
October NNP
11 CD
: :
We PRP
just RB
got VBD
official NN
word NN
of IN
the DT
HTC NN
Desire NN
Z NN
earlier RBR
in IN
Lo NN
... :
http://bit.ly/bsyz9H NN
Yay NN
. .
@penguin NN
is VBZ
coming VBG
to TO
see VB
me PRP
next JJ
week NN
... :
plotting NN
my PRP$
cooking NN
now RB
! .
RT NN
@m_candelaria NN
: :
The DT
amazing JJ
Follow NN
Friday NNP
Train NNP
: :
@Sketchjobs NN
@lollieshopping NN
@philadelphiabn NN
@elainebiss NN
@TableMatters10 NN
@STALKmyPRETT NN
... :
RT NN
@JDay_Sept15 NN
: :
RT NN
@Ashanie_di_Don NN
: :
@JDay_Sept15 NN
lol NN
i NN
see VB
someone NN
hyped NN
and CC
ready JJ
for IN
#FlavaFridays NN
tonight RB
&lt; NN
every DT
week NN
. .
Lets NN
get VB
it PRP
! .
@BieberEgypt NN
I PRP
've VBP
got VBD
some DT
bad JJ
news NN
, ,
Yeah NN
I PRP
cant NN
come VB
to TO
the DT
meeting NN
tomorrow NN
. .
: :
S NNP
What WP
a DT
productive JJ
day NN
. .
Not RB
. .
Fellas NN
Do VBP
n't RB
just RB
lick NN
the DT
PussyY NN
, ,
LOVE NN
IT PRP
! .
enjoy VB
it PRP
. .
like IN
u NN
just RB
got VBD
married VBN
& CC
the DT
preacher NN
said VBD
u NN
may MD
kiss NN
the DT
bride NN
RT NN
@ItsTheTeenLife NN
: :
The DT
exact JJ
day NN
that IN
I PRP
wear VB
shorts NN
and CC
a DT
tee NN
shirt NN
everyone NN
shows VBZ
up IN
wearing VBG
hoodies NN
and CC
jeans NNS
. .
-_- NN
#ItsTheTeenLife NN
RT NN
@BieberPledge NN
: :
When WRB
I PRP
Get VB
Old NNP
, ,
Imma NN
Still RB
Be NN
Rockin NN
Out NN
To TO
' POS
Baby'...Even NN
If IN
I PRP
Break NN
A DT
Hip NN
;) NN
I PRP
just RB
took VBD
" NN
When WRB
your PRP$
mom NN
makes VBZ
you PRP
go VB
live VB
with IN
your PRP$
dad NN
Scooter NN
Braun NN
, ,
your PRP$
life NN
..." NN
and CC
got VBD
: :
Part NN
7 CD
! .
Try VB
it PRP
: :
http://tinyurl.com/27r2pdz NN
Not RB
feeling NN
up IN
to TO
par NN
today NN
. .
#stressing NN
Thanks NNS
and CC
I PRP
will MD
RT NN
@InnerGizerBunni NN
@kizfoprez_TR NN
Happy NN
Berlated NN
Birthday NN
! .
I PRP
hope NN
u NN
have VBP
fun NN
& CC
live VB
it PRP
up IN
tonight RB
.. NN
Enjoy NN
& CC
b NN
safe JJ
! .
Man NN
i NN
been VBN
eatin NN
fastfood NN
everyday JJ
im NN
so RB
glad JJ
my PRP$
mommy NN
cookin NN
today NN
... :
Gotta NN
call VB
mom NN
2 CD
let VB
her PRP$
know VB
it PRP
's POS
almost RB
3 CD
. .
Yli NN
gets VBZ
out IN
in IN
15 CD
. .
Mom NN
took VBD
the DT
antenna NN
home NN
today NN
& CC
connected VBN
it PRP
at IN
home NN
, ,
finally RB
. .
@Zerinaakers NN
talking VBG
about IN
as IN
far RB
as IN
shooting VBG
for IN
location NN
its PRP$
going VBG
to TO
be VB
on IN
#Vh1 NN
so RB
by IN
the DT
end NN
of IN
the DT
month NN
i NN
should MD
know VB
something NN
Really NN
hope NN
I PRP
can MD
get VB
to TO
@glasgowfilm NN
for IN
Winter NNP
's POS
Bone NN
- :
need VBP
to TO
get VB
on IN
with IN
job NN
applications NNS
tonight RB
then RB
! .
Trailer NN
: :
http://bit.ly/bhUlum NN
@CWWatson NN
one CD
of IN
the DT
complainers NN
is VBZ
a DT
child NN
minder NN
who WP
brings NN
kids NNS
to TO
the DT
school NN
then RB
looks VBZ
after IN
other JJ
kids NNS
thro NN
the DT
day NN
. .
Beggers NN
belief NN
Bonfire NN
tonite NN
. .
All DT
are VBP
welcome VB
, ,
joe NN
included VBD
@zombie_killer94 NN
aaahh NN
sorry JJ
i NN
posted VBD
the DT
link NN
wrong JJ
:( NN
basically RB
their PRP$
record NN
company NN
confirmed VBD
the DT
title NN
& CC
it PRP
comes VBZ
out IN
nov NN
23 CD
XD NN
Happy NN
birfday NN
to TO
the DT
only RB
p-i-m-p NN
I PRP
know VB
... :
@amcdavid NN
! .
We PRP
're VBP
getting VBG
" NN
white JJ
boy NN
wasted VBN
" NN
tonight RB
! .
@endlesskies NN
ik NN
me PRP
2 CD
. .
At IN
night NN
I PRP
'm VBP
wide JJ
awake NN
but CC
the DT
daytime NN
, ,
I PRP
'm VBP
so RB
tired VBN
my PRP$
day NN
drags NN
Is VBZ
Joaquin NNP
Phoenix NNP
Our PRP$
Modern NN
Day NNP
Andy NN
Kaufman NN
?: NN
... :
the DT
bizarre NN
events NNS
leading VBG
up IN
to TO
this DT
moment NN
, ,
the DT
movie NN
could MD
... :
http://bit.ly/aUZ2on NN
Not RB
only RB
is VBZ
it PRP
#BattlestarGalactica NN
's POS
32nd NN
Anniversary NNP
, ,
tonite NN
is VBZ
the DT
3rd NN
season NN
premiere NN
of IN
#StarWars NN
#TheCloneWars NN
!! NN
even RB
better JJR
than IN
cocktail NN
friday NN
! .
http://is.gd/ffDb9 NN
@_AsToldByBV NN
well RB
i NN
wrote VBD
you PRP
like IN
6 CD
times NNS
this DT
week NN
! .
urgh NN
. .
RACHELLE NN
im NN
gonnauh NN
kill VB
YOU PRP
tonite NN
! .
I PRP
want VBP
it PRP
NOW RB
! .
;) NN
RT NN
: :
@corsairartisan NN
Pumpkin NN
Moonshine NN
has VBZ
arrived VBD
in IN
Nashville NN
-- :
Give NN
it PRP
a DT
week NN
to TO
get VB
it PRP
in IN
stores NNS
. .
KY NN
ships NNS
next JJ
week NN
! .
Hey NN
.... NN
my PRP$
birthday NN
is VBZ
in IN
exactly RB
one CD
month NN
!!! NN
:D NN
RT NN
@TheOutlawz NN
: :
EVERYBODY NN
WHO WP
WANT NN
A DT
FOLLOW NN
FROM NN
ME NN
FOR IN
FOLLOW NN
FRIDAY NN
LET NN
ME NN
KNOW NN
!! NN
WE NN
AINT NN
LIKE NN
THESE NN
HOLLYWOOD NNP
AZZ NN
RAPPERS NN
WE NN
FOLLOW NN
BACK NN
! .
RT NN
@rockerfuckerak NN
: :
What WP
's POS
done VBN
is VBZ
done VBN
, ,
Just RB
leave VB
it PRP
alone RB
, ,
and CC
do VBP
n't RB
regret VBP
. .
Sometimes RB
somethings NN
turn VB
in-to NN
dumb NN
things NNS
. .
And CC
that IN
's POS
when WRB
... :
@ShelAndPushPlay NN
Yeah NN
man NN
, ,
u NN
got VBD
it PRP
. .
It PRP
's POS
only RB
a DT
matter NN
of IN
time NN
. .
@jaredleto NN
... :
ive NN
been VBN
to TO
13 CD
30stm NN
concerts NNS
now RB
and CC
you PRP
never RB
got VBD
me PRP
on IN
stage NN
during/before NN
kings NN
and CC
queens NN
:( NN
(( NN
looking VBG
forward RB
to TO
a DT
weekend NN
resting NN
foot NN
!! NN
oh NN
and CC
the DT
irish NN
on IN
sunday NN
. .
Power NNP
nap NN
. .
I PRP
need VBP
it PRP
. .
Its PRP$
been VBN
a DT
stressful NN
week NN
. .
I PRP
'm VBP
excited VBN
for IN
xmas NN
, ,
haha NN
. .
Goodnight NN
. .
:) NN
today NN
just RB
does VBZ
n't RB
feel VB
like IN
a DT
Friday NNP
Yahoo NN
: :
Jackie NN
joins NN
Twitter NN
50 CD
years NNS
after IN
JFK NN
campaign NN
: :
Had VBD
Twitter NN
been VBN
an DT
option NN
in IN
1960 CD
, ,
a DT
pregnant JJ
Jacquelin NN
... :
http://yhoo.it/9VAD4A NN
my PRP$
past JJ
was VBD
the DT
reason NN
i NN
tried VBD
to TO
kill VB
myself PRP
the DT
other JJ
day NN
, ,
and CC
i NN
'll MD
gladly NN
do VBP
it PRP
again RB
. .
Dollar NN
steady JJ
versus IN
yen NN
but CC
market NN
wary JJ
of IN
intervention NN
| NN
Money NNP
...: NN
The DT
dollar NN
held VBN
near IN
its PRP$
highest JJS
in IN
a DT
month NN
... :
http://bit.ly/a0F3dO NN
:( NN
RT NN
@themaine NN
Who WP
is VBZ
coming VBG
to TO
the DT
show VB
tomorrow NN
in IN
Hawaii NNP
? .
@DrHubaEvaluator NN
Not RB
long JJ
ago RB
I PRP
responded VBD
to TO
a DT
angry JJ
cardiologist NN
whom WP
I PRP
have VBP
known VBN
yrs NN
. .
when WRB
he PRP
spit NN
venom NN
to TO
the DT
newspaper NN
but CC
I PRP
did VBD
it PRP
+ NN
@Strigy NN
got VBD
mine NN
in IN
bbt NN
aintree NN
today NN
. .
Played NN
table NN
tennis NN
on IN
it PRP
in IN
store NN
! .
V NN
impressed VBN
. .
Did VBD
you PRP
get VB
analogue NN
controller NN
2 CD
? .
USM NN
get VB
ready JJ
yours NN
truly RB
tonight RB
at IN
frat NN
house NN
Hattiesburg NN
on IN
the DT
1s NN
n NN
2s NN
!! NN
Today NN
's POS
cheer NN
went VBD
from IN
awful JJ
to TO
awesome NN
from IN
the DT
moment NN
I PRP
realized VBD
I PRP
did VBD
not RB
have VBP
class NN
today NN
. .
@jonronson NN
But CC
a DT
mess NN
on IN
one CD
day NN
may MD
not RB
a DT
mess NN
eternally NN
be VB
. .
Driving VBG
, ,
driving VBG
, ,
driving VBG
away RB
to TO
Phil NNP
. .
Tasty NN
dinner NN
tonight RB
with IN
the DT
Society NNP
of IN
Mining NNP
and CC
Metallurgy NN
Engineers NN
. .
Have VB
a DT
practice NN
session NN
@Cromwell NN
Field NNP
today NN
at IN
6pm NN
. .
Hope NN
i NN
shine NN
well RB
and CC
start VB
the DT
next JJ
game NN
. .
:) NN
Pxleyes NN
Top NN
50 CD
Photography NN
Contest NN
Pictures NNPS
of IN
August NNP
2010 CD
... :
http://bit.ly/bgCyZ0 NN
#photography NN
Costa NNP
Rican JJ
group NN
CocoFunka NN
power NN
this DT
week NN
's POS
Indiesent NN
Exposure NN
http://ht.ly/2G4nS NN
by IN
@fuseboxradio NN
on IN
@planetill NN
RT NN
@Quotealicious NN
: :
Today NN
, ,
I PRP
saw VBD
a DT
guy NN
driving VBG
a DT
Pepsi NNP
truck NN
, ,
drinking NN
a DT
Coke NNP
. .
MLIA NN
#Quotealicious NN
After IN
I PRP
pet NN
a DT
kitten NN
on IN
JFK NN
, ,
the DT
owners NNS
informed VBN
me PRP
it PRP
's POS
' POS
double-pawed NN
' POS
( NN
polydactyl) NN
, ,
which WDT
is VBZ
" NN
a DT
form NN
of IN
retardation NN
in IN
the DT
animal NN
kingdom NN
" NN
I PRP
'm VBP
tired VBN
after IN
school NN
today NN
! .
About IN
online NN
dietician NN
: :
A DT
thinner JJR
stool NN
than IN
usual JJ
can MD
be VB
identified VBN
and CC
removed VBN
before IN
they PRP
get VB
are VBP
2 CD
weeks NNS
ago RB
J NN
... :
http://bit.ly/cYGBdz NN
Greek NN
Festival NN
at IN
St NN
Johns NNP
before IN
ASPEN NN
The DT
Town NNP
might MD
be VB
one CD
of IN
the DT
best JJS
movies NNS
I PRP
have VBP
seen VBN
all DT
year NN
. .
So RB
, ,
so RB
good JJ
. .
And CC
do VBP
n't RB
worry VB
Ben NNP
, ,
we PRP
already RB
forgave NN
you PRP
for IN
Gigli NN
. .
Really NN
. .
@Jsmoothhh NN
it PRP
's POS
not RB
supposed VBN
to TO
rain NN
till IN
Sunday NNP
night NN
. .
So RB
far RB
this DT
day NN
xxx NN
; :
t NN
gone VBN
to TO
well RB
, ,
hopefully RB
my PRP$
night NN
will MD
be VB
better JJR
! .
Going VBG
to TO
the DT
country NN
fair JJ
today NN
:) NN
Lindsay NN
Lohan NN
allegedly RB
failed VBD
her PRP$
drug NN
test NN
. .
So RB
not RB
fetch VBP
. .
Quick NNP
, ,
let VB
's POS
all DT
put VB
on IN
our PRP$
shocked VBN
faces VBZ
that IN
23 CD
days NNS
of IN
rehab NN
did VBD
n't RB
work NN
! .
@SweetBee_90 NN
what WP
's POS
the DT
look VB
for IN
tonight RB
? .
I PRP
remember VBP
when WRB
you PRP
all DT
were VBD
thiiis NN
big JJ
, ,
you PRP
know VB
? .
going VBG
now RB
guiseeeee NN
... :
if IN
i NN
dont NN
see VB
you PRP
through IN
the DT
week NN
ill JJ
see VB
you PRP
through IN
the DT
window NN
:) NN
:) NN
Beautiful NN
day NN
in IN
Chicago NNP
! .
Nice NN
to TO
get VB
away RB
from IN
the DT
Florida NNP
heat NN
. .
But CC
what WP
happens VBZ
when WRB
karam NN
turns VBZ
right NN
around IN
and CC
bites NN
you PRP
? .
And CC
everything NN
you PRP
stand VBP
for IN
turns VBZ
on IN
you PRP
despite IN
you PRP
? .
@alealshinn NN
@BambingBling NN
~~~ NN
@sunchips NN
this DT
is VBZ
the DT
second JJ
time NN
they PRP
have VBP
messed NN
up IN
.... NN
about IN
to TO
give VB
up IN
on IN
them PRP
#blackholidays NN
" NN
National NNP
forget VB
the DT
he PRP
say VBP
she PRP
say VBP
... :
what WP
do VBP
God NNP
say VBP
day NN
" NN
JV NN
soccer NN
leads VBZ
4-1 NN
after IN
Benitez NN
scores NNS
again RB
, ,
less JJR
than IN
7 CD
mins NN
to TO
play VB
Aggressive NN
Kids NNP
With IN
ADHD NN
May NNP
Not RB
Need NN
Antipsychotic NN
Meds NN
http://t.co/JfGm0uH NN
@princessmariam9 NN
i NN
know VB
.. NN
i NN
need VBP
to TO
stop VB
before IN
my PRP$
room NN
is VBZ
gonna NN
get VB
filled VBN
with IN
water NN
. .
@BornThisWayBaby NN
thankk NN
yhuu NN
#monsterlove NN
u NN
just RB
made VBN
my PRP$
day NN
:D NN
@mekamoe927 NN
I PRP
've VBP
had VBD
one CD
before IN
, ,
but CC
it PRP
was VBD
a DT
short JJ
experience NN
( NN
double JJ
entendre NN
intended) NN
. .
Why WRB
hate VBP
on IN
somebody NN
for IN
doing VBG
well RB
when WRB
you PRP
can MD
simply RB
say VBP
great JJ
job NN
and CC
move NN
on IN
.. NN
[Haters NN
u NN
can MD
kill VB
yourself NN
] NN
cuz NN
ur NN
losers NNS
If IN
you PRP
are VBP
staying VBG
in IN
Gainesville NN
, ,
come VB
check NN
out IN
Costa NNP
Lounge NN
TONIGHT NN
! .
Say VB
you PRP
are VBP
with IN
salsa NN
caliente NN
and CC
get VB
in IN
... :
http://fb.me/FZVzm8H9 NN
@godsgirl8494 NN
can MD
u NN
please VB
follow VB
me PRP
? .
you PRP
will MD
make VB
my PRP$
day NN
&lt; NN
3 CD
8 CD
Ugh NN
I PRP
DO NN
N'T NNP
HAVE NN
MY NN
EARPHONES NN
I PRP
GUESS NN
I PRP
WO NN
N'T NNP
B NNP
TALKING NN
AND CC
DRIVING NN
TODAY NN
LOL NN
.... NN
Excuses NN
Excuses NN
Excuses NN
SMH NN
There EX
was VBD
just RB
a DT
fire NN
at IN
work NN
. .
Today NN
is VBZ
looking VBG
up IN
. .
Haha NN
I PRP
seen VBN
a DT
ped NN
egg NN
called VBN
a DT
foot NN
cheese NN
grater NN
today NN
. .
I PRP
found VBD
it PRP
proper JJ
hilarious NN
xD NN
For IN
code NN
I PRP
've VBP
written VBN
since IN
Sept NNP
' POS
09 NN
, ,
the DT
delay VB
between IN
commit NN
to TO
SCM NN
and CC
running VBG
on IN
customer NN
hardware NN
has VBZ
been VBN
about IN
10 CD
days NNS
. .
Good JJ
start VB
for IN
sharks NN
tonight RB
can MD
only RB
get VB
better JJR
. .
Played NN
with IN
short JJ
bench NN
tonight RB
. .
Thought NN
Rocks NN
well RB
in IN
game NN
early JJ
though IN
until IN
' POS
unseen JJ
' POS
@sarahk47 NN
Okay UH
The DT
doc NN
's POS
saying VBG
Keep VB
it PRP
tamped NN
down RB
a DT
coupla NN
days NNS
then RB
bring VB
her PRP$
out IN
early JJ
? .
" NN
before IN
we PRP
start VB
, ,
how WRB
old JJ
are VBP
you PRP
? .
HER NN
: :
I PRP
'm VBP
15 CD
.. NN
old JJ
enough RB
!........ NN
#FindTheNearestExit NN
RT NN
@ericjohnsalut NN
" NN
Good JJ
Morning NN
! .
Have VB
a DT
pleasant NN
and CC
happy JJ
day NN
!" NN
http://dlvr.it/5Rh4w NN
VIDEO NN
: :
Showbiz NN
Tonight NN
- :
Is VBZ
TV NN
Too RB
Gay NN
?: NN
http://bit.ly/aAZMD6 NN
when WRB
did VBD
@thecodysimpson NN
last JJ
tweet NN
,? NN
;) NN
[ NN
GigaOM NN
] NN
DRM NN
FAIL NN
: :
Five CD
Broken NN
Copy NN
Protection NNP
Schemes NN
: :
This DT
week NN
, ,
we PRP
learned VBD
that IN
the DT
HDCP NN
copy VB
protection NN
scheme NN
... :
http://bit.ly/blWf0e NN
Was VBD
hard JJ
work NN
going VBG
to TO
the DT
gym NN
on IN
my PRP$
own JJ
tonight RB
but CC
managed VBD
a DT
30 CD
min NN
run VB
and CC
plenty NN
of IN
weights VBZ
. .
Catching NN
up IN
on IN
ufc NN
now RB
From IN
Green NNP
Newsfeed NN
: :
AHFA NN
extends NN
deadline NN
for IN
Sage NN
Award NN
to TO
Nov NNP
. .
5 NN
http://tinyurl.com/24agj38 NN
Thrilled NN
about IN
this DT
@HPC//RT@DeLynnRizzo NN
: :
girls NN
, ,
register4 NN
#livethedream NN
@joycemeyer NN
, ,
J NN
John NNP
, ,
@kerriweems NN
oct NN
7-9 NN
. .
livethedreamconference NN
. .
com NN
4Dbling NN
's POS
place NN
til NN
monday NN
, ,
party NN
party NN
party NN
. .
&lt; NN
3 CD
@FeeninforPretty NN
making VBG
something NN
to TO
eat VB
, ,
aint NN
ate VBD
all DT
day NN
omg NN
simone NN
is VBZ
coming VBG
over IN
then RB
2morrow NN
we PRP
foin NN
2 CD
da NN
fall NN
festival NN
cant NN
wait VB
4 CD
GAC NN
2night NN
! .
an DT
Justin NN
Bieber NN
concert NN
in IN
Dec NN
.!!!!!!! NN
&lt; NN
3 CD
27 CD
followers NNS
! .
30 CD
followers NNS
is VBZ
my PRP$
goal NN
for IN
today NN
! .
good JJ
friday NN
whatchu NN
got VBD
for IN
me PRP
@kanyewest NN
I PRP
see VB
her PRP$
tomorrow NN
: :
3 CD
so RB
yeah~ NN
ca MD
n't RB
wait VB
Friday NNP
Night NNP
Eats NN
http://twitpic.com/2pdvtr NN
RT NN
@kanyewest NN
: :
You PRP
basically RB
can MD
say VBP
anything NN
to TO
someone NN
on IN
an DT
email NN
or CC
text NN
as IN
long JJ
as IN
you PRP
put VB
LOL NN
at IN
the DT
end NN
@Bills_Ears NN
WELL NN
SORRRY NN
!! NN
I PRP
did VBD
n't RB
know VB
you PRP
YEARS NN
AGO NN
! .
Salty NN
i NN
broke VBD
one CD
of IN
my PRP$
favorite JJ
Betsey NN
Johnson NNP
necklaces NN
today NN
!! NN
#NFL NN
Week NN
2 CD
picks VBZ
blog NN
is VBZ
up IN
on IN
@The_Score NN
website NN
... :
http://blogs.thescore.com/nfl/2010/09/17/pizzolaw2/ NN
cant NN
wait VB
to TO
see VB
my PRP$
beautiful JJ
neice NN
nx NN
week NN
, ,
gonna NN
spoil NN
her PRP$
rotton NN
@winashbrown NN
If IN
that IN
auto NN
URL NN
shortening VBG
could MD
work NN
I PRP
might MD
stick VB
with IN
SD2 NN
for IN
a DT
while IN
- :
that IN
saves VBZ
me PRP
3 CD
or CC
4 CD
steps NNS
when WRB
I PRP
am VBP
tweeting NN
links NNS
RT NN
@therbertson NN
: :
Just RB
saw VBD
the DT
worst JJS
movie NN
in IN
years NNS
... :
Piranha NN
3D NN
just RB
exceeded VBN
the DT
limits NNS
of IN
crappyness NN
. .
| NN
Glad NN
you PRP
enjoyed VBD
it PRP
. .
RT NN
@midgetmegs NN
: :
hate VBP
people NNS
who WP
write VB
drunk NN
status'. NN
must MD
be VB
having VBG
a DT
great JJ
time NN
if IN
your PRP$
sat VBD
writing VBG
it PRP
on IN
facebook NN
..... NN
Kahlua NN
& CC
Coffee NN
over IN
looking VBG
the DT
lake NN
is VBZ
just RB
what WP
the DT
doctor NN
ordered VBD
.... NN
hope NN
everyone NN
has VBZ
a DT
great JJ
Friday NNP
night NN
! .
Football NN
game NN
tonight RB
with IN
mariaelena NN
, ,
sarah NN
, ,
and CC
brittany NN
! .
Mood NN
: :
excited VBN
!! NN
GOO NN
WB NN
WILDCATS NN
! .
Gotta NN
love VB
the DT
bumper NN
stickers NN
of IN
Fayette NN
County NNP
: :
" NN
Ever RB
wonder VBP
if IN
there EX
is VBZ
life NN
after IN
death NN
? .
Touch NN
my PRP$
truck NN
and CC
'll MD
find VB
out IN
." NN
@mfeige NN
it PRP
's POS
on IN
a DT
Saturday NNP
though IN
. .
So RB
that IN
's POS
a DT
thing NN
. .
3 CD
tests NNS
and CC
an DT
essay NN
today NN
. .
&gt; NN
__ NN
&gt; NN
also RB
i NN
lost VBD
my PRP$
backpackkk NN
c NN
: :
but CC
then RB
i NN
found VBD
it PRP
. .
RT NN
@DaymiCarolina NN
: :
Yayaayayay NN
kings NN
of IN
leon NN
tonight RB
!!! NN
No DT
I PRP
'm VBP
not RB
saying VBG
I PRP
'm VBP
sorry JJ
One CD
day NN
, ,
maybe RB
'll MD
meet VB
again RB
No DT
No DT
No DT
No DT
( NN
8 CD
) NN
Companies NNS
fixing VBG
a DT
problem NN
that IN
's POS
wholly RB
their PRP$
fault NN
and CC
calling VBG
it PRP
a DT
" NN
one-time JJ
courtesy NN
" NN
is VBZ
insult NN
to TO
injury NN
. .
They PRP
're VBP
clearly RB
not RB
sorry JJ
! .
@_mistercory NN
*Smiles NN
up IN
at IN
him* NN
Can NN
we PRP
just RB
... :
sit VB
together RB
for IN
a DT
while IN
before IN
round NN
two CD
? .
I PRP
am VBP
living VBG
my PRP$
dream NN
, ,
winning VBG
at IN
life NN
and CC
being VBG
respected NN
for IN
every DT
thing NN
I PRP
do VBP
. .
And CC
its PRP$
about IN
fucking NN
time NN
. .
#dontsettle NN
#EVER NN
the DT
last JJ
group NN
dalam NN
lab NN
, ,
for IN
the DT
first JJ
time NN
@pjames NN
Add NN
a DT
little JJ
Belanger NN
, ,
and CC
you PRP
've VBP
got VBD
it PRP
! .
Of IN
course NN
... :
after IN
his PRP$
household NN
items NNS
arrive VB
from IN
D NN
. .
C NN
. .
RT NN
@OMGwhatateen NN
: :
RT NN
if IN
you PRP
are VBP
happy JJ
it PRP
's POS
friday NN
. .
#OMGwhatateen NN
Halo NN
Reach NN
was VBD
a DT
bit NN
crap NN
tonight RB
@Miss_deadpool NN
May NNP
's POS
costume NN
is VBZ
the DT
giant NN
spider NN
on IN
her PRP$
upper JJ
body NN
. .
I PRP
'm VBP
JJ NN
. .
Working NN
at IN
my PRP$
old JJ
office NN
tomorrow NN
to TO
catch VB
the DT
bookkeeping NN
up IN
. .
Money NNP
to TO
do VBP
easy JJ
stuff NN
when WRB
I PRP
would MD
just RB
be VB
sitting VBG
around IN
anyway RB
? .
Yes UH
plz NN
. .
QUAKE NN
: :
Mag NN
4.5 CD
, ,
Saturday NNP
, ,
September NNP
18 CD
2010 CD
at IN
10:03 NN
am VBP
( NN
NZST) NN
, ,
20 CD
km NN
south-west NN
of IN
Christchurch NN
. .
http://tinyurl.com/265n4mx NN
#eqnz NN
RT NN
@Eeenie_Meenie NN
: :
RT NN
if IN
you PRP
are VBP
happy JJ
that IN
today NN
is VBZ
FRIDAY NN
! .
:) NN
Wanna NN
see VB
ya NN
bro NN
, ,
I PRP
miss VB
u NN
U NNP
scared VBN
me PRP
to TO
hell NN
yesterday NN
, ,
cant NN
live VB
without IN
u NN
U NNP
're VBP
more JJR
than IN
a DT
bro NN
u NN
're VBP
Like IN
my PRP$
twin JJ
Need NN
u NN
, ,
come VB
home NN
Luv NN
u NN
&lt; NN
3 CD
TWEET NN
! .
@stjosephs NN
Empls NN
of IN
the DT
Month NN
: :
Deborah NN
L NN
#Speech NN
#Pathologist-Childrens NN
Rehab NN
and CC
Patricia NNP
M NNP
#Referral/#Auth NN
#Spec-#Womens NN
#Care NN
! .
RT NN
@BuffSabresGrl63 NN
: :
RT NN
@LindyRuffsTie NN
: :
RT NN
@FakeDarcy NN
: :
No DT
Derek NNP
, ,
when WRB
guys NNS
get VB
hurt VBN
, ,
" NN
kissing NN
the DT
boo-boo NN
" NN
will MD
not RB
make VB
it PRP
better JJR
. .
#sab NN
... :
RT NN
@TRAEABN NN
Headed NN
to TO
Shreveport NN
then RB
Lake NNP
Charles NNP
-might NN
as IN
well RB
shoot VBP
through IN
dat NN
#BMT NN
after IN
the DT
slab NN
show VB
in IN
Lake NNP
Charles NNP
.. NN
RT NN
@WeSpazForJB NN
: :
http://twitpic.com/2nn4ee NN
&lt; NN
---- NN
still RB
the DT
funniest NN
photo NN
. .
of IN
all DT
time NN
. .
ALL NN
TIME NN
. .
I PRP
have VBP
eaten VBN
a DT
large JJ
quantity NN
of IN
oranges NN
this DT
week NN
... :
RT NN
@NickSilly NN
: :
Fun NN
! .
RT NN
@JackFMDFW NN
: :
Put VB
on IN
your PRP$
Boogie NN
Shoes NN
and CC
Get VB
Down IN
Tonight NN
with IN
KC NN
and CC
The DT
Sunshine NNP
Band NNP
. .
#Dallas NN
#concerts NN
http NN
:/ NN
... :
Someone NN
just RB
started VBD
following VBG
me PRP
today NN
so RB
I PRP
better JJR
post NN
something NN
. .
There EX
. .
i NN
want VBP
a DT
bath NN
but CC
do VBP
n't RB
have VBP
a DT
bath NN
, ,
shut VBN
up IN
, ,
sam NN
's POS
coming VBG
tomorrow NN
and CC
steve NN
and CC
tanya NN
will MD
be VB
round NN
at IN
10am NN
so RB
go VB
away RB
you PRP
mean VB
people NNS
What WP
Do VBP
S.F. NN
Rabbis NN
Eat NN
Before IN
and CC
After IN
Yom NN
Kippur NN
? .
We PRP
Asked VBN
Five CD
to TO
Enlighten NN
Us NN
! .
via IN
@SFoodie NN
http://bit.ly/aQrFUz NN
Half NN
baked NN
, ,
next JJ
how WRB
high JJ
, ,
grandma NN
boys NNS
, ,
puff NN
puff NN
pass VB
, ,
and CC
4 CD
hours NNS
of IN
friday NN
. .
&lt; NN
DEAD NN
GREEN NN
HARTS NN
&gt; NN
@mcflysandra NN
haha NN
yes UH
:) NN
have VBP
to TO
go VB
speak VB
tomorrow NN
:) NN
good JJ
night NN
xxx NN
RT NN
@GreatestQuotes NN
: :
" NN
When WRB
everything NN
seems VBZ
to TO
be VB
going VBG
against IN
you PRP
, ,
remember VBP
that IN
the DT
airplane NN
takes VBZ
off IN
against IN
the DT
wind NN
, ,
not RB
with IN
it PRP
." NN
... :
@2kjdream NN
Good JJ
morning NN
! .
Have VB
a DT
Good JJ
day NN
:) NN
from IN
JPN NN
. .
DITR NN
REI NN
Update NN
: :
California JJ
Home NNP
Sales NNS
Decline NN
Year-Over-Year NN
: :
By IN
Michael NNP
Kraus NN
on IN
September NNP
17 CD
... :
http://bit.ly/96Zavf NN
#realestate NN
#invest NN
Good JJ
golly NN
. .
Who WP
left VBN
the DT
candy NN
in IN
the DT
lunchroom NN
. .
May NNP
set VBN
a DT
world NN
record NN
for IN
the DT
most RBS
Sour NN
Patch NNP
kids NNS
eaten VBN
by IN
an DT
individual JJ
! .
Last JJ
stop VB
of IN
the DT
day NN
thank VBP
goddddd NN
(@ NN
H-E-B NN
Plus NN
) NN
http://4sq.com/7RDhgd NN
Exclusive NN
: :
Rep NN
. .
Steve NNP
King NNP
on IN
ObamaCare NN
, ,
Tea NN
Party NNP
, ,
and CC
Constitution NNP
Day NNP
: :
The DT
inclusion NN
of IN
the DT
Tenth NN
Amendment NNP
in IN
... :
http://bit.ly/cYITA8 NN
Long JJ
18k NN
run VB
done VBN
and CC
in IN
the DT
books NNS
! .
Beauty NN
day NN
. .
Til NN
now RB
, ,
at IN
dentist NN
, ,
and CC
lady NN
next JJ
to TO
me PRP
spilling NN
over IN
to TO
my PRP$
chair NN
.. NN
Just RB
belched NN
. .
Loudly NN
. .
+1 NN
You PRP
gotta NN
let VB
em NN
lick NN
it PRP
before IN
they PRP
stick VB
it PRP
@Hollly_ NN
16 CD
b NN
17 CD
in IN
feb NN
There EX
's POS
a DT
lot NN
of IN
people NNS
showing VBG
off IN
their PRP$
iPhones NN
on IN
facebook NN
today NN
, ,
so RB
& CC
so RB
is VBZ
at IN
such JJ
a DT
place NN
, ,
it PRP
's POS
really RB
not RB
that IN
interesting JJ
;o NN
) NN
RT NN
@zahrock12 NN
: :
Fuck NN
yeah NN
its PRP$
FRIDAY NN
!! NN
#Astros NN
lineup NN
for IN
tonight RB
. .
Keppinger NN
sits VBZ
, ,
Downs NN
plays VBZ
2B NN
, ,
CJ NN
bats NN
5th NN
. .
@alysonfooter NN
http://bit.ly/bHvgCS NN
HA NN
! .
RT NN
@ew32766 NN
I PRP
love VB
it PRP
when WRB
my PRP$
mom NN
posts NNS
status NN
updates NNS
on IN
FB NN
, ,
they PRP
are VBP
usually RB
personal JJ
messages NNS
she PRP
meant VBD
2write NN
on IN
someone NN
's POS
wall NN
. .
;) NN
#Random NN
But CC
Why WRB
Do VBP
Woman NN
Say VB
The DT
Want NN
A DT
Big JJ
D@ck NN
& CC
When WRB
They PRP
Get VB
It PRP
They PRP
Favorite NN
Line NNP
Is VBZ
" NN
where WRB
is VBZ
that IN
suppose VBP
to TO
go VB
" NN
Knowing NN
that IN
I PRP
have VBP
people NNS
who WP
love VB
me PRP
and CC
I PRP
love VB
them PRP
back RB
makes VBZ
my PRP$
day NN
She PRP
should MD
nom NN
me PRP
when WRB
she PRP
gets VBZ
back RB
! .
If IN
she PRP
's POS
not RB
tired VBN
that IN
is VBZ
. .
@ashhleybrookee NN
it PRP
may MD
be VB
nasty JJ
but CC
... :
it PRP
works NNS
. .
fckn NN
emily NN
rodriguez NN
did VBD
n't RB
bring VB
my PRP$
cookies NNS
today NN
!! NN
lil NN
brat NN
. .
No DT
loss NN
is VBZ
greater JJR
than IN
the DT
loss NN
of IN
a DT
thought VBD
process NN
before IN
you PRP
've VBP
had VBD
the DT
time NN
to TO
write VB
it PRP
down RB
. .
No DT
. .
The DT
Pope NNP
asked VBD
me PRP
to TO
stay VB
after IN
class NN
. .
#moviedialoguewithpopesubstitute NN
Lots NN
of IN
Merlot NN
on IN
Thursday NNP
night NN
means VBZ
tired VBN
London JJ
Ladies NN
are VBP
in IN
bed NN
by IN
23.19 NN
on IN
the DT
Friday NNP
. .
Listening NN
to TO
the DT
arts NN
show VB
on IN
@BBCRadio4 NN
. .
.... NN
today NN
is VBZ
better JJR
than IN
yesterday NN
, ,
but CC
I PRP
hope NN
tomorrow NN
is VBZ
better JJR
than IN
today NN
, ,
because IN
today NN
still RB
somewhat RB
- :
SUCKS NN
. .
@Yeweezii NN
Jst NN
lock VB
her PRP$
outside IN
4 CD
d NN
nite NN
. .
It PRP
workz NN
al NN
d NN
time NN
:-D NN
Observances NN
mark NN
9/11 NN
anniversary NN
: :
Observances NN
in IN
Temecula NN
and CC
elsewhere RB
throughout IN
the DT
region NN
last JJ
week NN
marked VBD
the DT
... :
http://dlvr.it/5Rckw NN
RT NN
@jimjonescapo NN
: :
Som1 NN
ask VB
whn NN
do VBP
I PRP
sleep VBP
: :
when WRB
God NNP
tel NN
me PRP
to TO
cum NN
home NN
is VBZ
when WRB
I PRP
wil NN
sleep VBP
til NN
thn NN
Im NN
chasin NN
n NN
makin NN
this DT
money NN
to TO
leav NN
... :
It PRP
's POS
5pm NN
on IN
Friday NNP
! .
Wish VB
you PRP
guys NNS
have VBP
a DT
fabulous NN
evening NN
!!! NN
And CC
have VBP
a DT
wonderful JJ
weekend NN
&lt; NN
3 CD
&lt; NN
3 CD
http://fb.me/xLeN7MAe NN
Soulja NN
Boy NN
| NN
TheDeAndreWay NN
. .
com NN
- :
The DT
DeAndre NN
Way NN
in IN
stores NNS
Nov NNP
. .
2 CD
, ,
2010 CD
http://t.co/woAiLlZ NN
via IN
@SouljaBoy NN
Who WP
loves VBZ
Friday NNP
? .
At IN
the DT
gym NN
now RB
! .
Excited NN
for IN
weekend NN
plans NNS
! .
Time NNP
to TO
have VBP
#sex NN
Mmmm NN
wings NN
and CC
beer NN
. .
Damn NN
that IN
means VBZ
extra JJ
gym NN
time NN
2mar NN
RT NN
@Huddy85 NN
: :
@Mz_Twilightxxx NN
*kisses NN
your PRP$
ass**sneezes NN
after* NN
Lol NN
RT NN
@ajc NN
: :
Today NN
's POS
the DT
102nd NN
birthday NN
of IN
the DT
American NNP
Professional NNP
Football NN
Association NNP
( NN
we PRP
call VB
it PRP
the DT
NFL) NN
. .
First NNP
draft NN
choice NN
: :
Brett NN
Favre NN
. .
Day NNP
One CD
: :
Ten CD
things NNS
you PRP
want VBP
to TO
say VBP
to TO
ten NN
different JJ
people NNS
right NN
now RB
- :
1 CD
) NN
Eduardo NN
Surita NN
: :
your PRP$
a DT
freaking NN
... :
http://tumblr.com/xmciuda0t NN
RT NN
@DesignerDepot NN
: :
Minimalist NN
Web NN
Design NN
: :
When WRB
Less RBR
is VBZ
More RBR
- :
http://ow.ly/2FwyX NN
Pope NNP
says VBZ
religion NN
' POS
marginalized': NN
That DT
's POS
why WRB
he PRP
ca MD
n't RB
get VB
a DT
headline NN
printed VBN
anywhere RB
, ,
because IN
religion NN
is VBZ
so RB
mar NN
... :
http://bit.ly/cBvt1u NN
All DT
night NN
long JJ
RT NN
@FauxSuhlenaa NN
: :
I PRP
rape NN
Nick NNP
Jonas NN
. .
@lexi_nicole2010 NN
That DT
's POS
not RB
the DT
story NN
by IN
a DT
long JJ
shot NN
biotch NN
! .
I PRP
have VBP
a DT
strong JJ
hunch NN
Adam NNP
will MD
be VB
a DT
story NN
on IN
TMZ NN
tonight RB
. .
Gulp NN
. .
Columbus NNP
, ,
GA NN
: :
@TimmNintey146 NN
and CC
'll MD
be VB
mixing NN
an DT
80 CD
's POS
and CC
other JJ
throwbacks NN
dance NN
party NN
tonight RB
at IN
eighty-five NN
. .
Come VB
kickit NN
! .
@angelportugues NN
LMAO NN
! .
When WRB
is VBZ
tht NN
one CD
day NN
?: NN
P NN
I PRP
've VBP
just RB
watched VBD
first JJ
four CD
episodes NNS
of IN
K-On NN
for IN
the DT
first JJ
time NN
! .
: :
3 CD
i NN
think VBP
it PRP
's POS
better JJR
to TO
go VB
to TO
bed NN
after IN
this DT
bad JJ
day NN
... :
Love NN
how WRB
I PRP
ca MD
n't RB
wear VB
my PRP$
shorts NN
to TO
the DT
party NN
tonight RB
, ,
so RB
I PRP
have VBP
to TO
wear VB
sweat NN
pants NNS
over IN
them PRP
and CC
change NN
when WRB
I PRP
get VB
there EX
. .
SmackMyHead NN
. .
Such JJ
a DT
shiny NN
morning NN
!!! NN
Love NN
It PRP
. .
Anyways NN
, ,
today NN
will MD
be VB
very RB
busy JJ
! .
Oh UH
lord NN
here RB
we PRP
go VB
again RB
Paranormal NN
Activity NN
2 CD
http://j.mp/ascgZr NN
I PRP
'm VBP
not RB
requesting NN
it PRP
in IN
my PRP$
area NN
this DT
time NN
. .
Are VBP
you PRP
? .
RT NN
@HippoArmy NN
: :
Thousands NNS
of IN
angry JJ
masturbators NN
marched NN
against IN
Christine NN
O'Donnell NNP
today NN
http://bit.ly/9nTWQw NN
Seriously NN
. .
Our PRP$
Favorite NN
YouTube NN
Videos NN
This DT
Week NN
: :
The DT
Drama NN
Edition NN
: :
Had VBD
any DT
epic NN
meltdowns NN
this DT
week NN
? .
You PRP
know VB
, ,
of IN
the DT
cryin NN
... :
http://bit.ly/cuy0yt NN
Pedigree NN
Donates NN
Dog NN
Food NN
for IN
Blog NN
Posts NN
: :
These DT
days NNS
, ,
big JJ
brands NNS
usually RB
look VB
to TO
the DT
big JJ
social JJ
networks NNS
like IN
Face NN
... :
http://bit.ly/bYWzrq NN
@jackjohnson NN
where WRB
can MD
I PRP
get VB
the DT
official NN
set VBN
list NN
to TO
the DT
show VB
at IN
Berkeley NNP
in IN
Oct NNP
6th NN
?! NN
Check NN
this DT
video NN
out IN
-- :
Three CD
Days NN
Grace NNP
- :
Break NN
( NN
Official NNP
Music NN
Video NN
) NN
[ NN
HQ NN
] NN
http://t.co/GOwCLQJ NN
via IN
@youtube NN
in IN
tthe NN
Car NN
:/ NN
Today NN
wasz NN
Fun NN
cusz NN
anna NN
Came NN
juss NN
for IN
me PRP
&lt; NN
3( NN
: :
hahaha NN
@angelajames NN
@roxannestclaire NN
I PRP
have VBP
n't RB
tried VBD
MAC NNP
. .
Next JJ
time NN
! .
friday NN
night NN
missions NN
iguess NN
! .
LADY NN
GAGA NN
IS VBZ
BETTER NN
THE DT
5th NN
TIME NN
OH NN
BABY( NN
: :
Tryna NN
Get VB
Into NN
Something NN
Tonight NN
Just RB
got VBD
home NN
from IN
school NN
. .
:D NN
it PRP
's POS
friday NN
guys NNS
!, NN
Kid NN
Cudi NN
Opens NN
Up IN
About IN
Cocaine NN
Use VB
, ,
Failed NN
Lady NN
Gaga NN
Tour NN
: :
by IN
Mariel NNP
Concepcion NN
, ,
NY NN
| NN
September NNP
1 CD
... :
http://bit.ly/cZWGDi NN
RT NN
@RMBWilliams NN
: :
Here RB
in IN
DC NN
! .
About IN
to TO
get VB
some DT
rest NN
! .
Looking VBG
forward RB
to TO
tonight RB
! .
Yes-sir NN
! .
holy NN
FUCK NN
THIS NN
IS VBZ
THE DT
MOST NN
BORING NN
DAY NN
EVER NN
. .
@NeilPen NN
I PRP
position NN
to TO
Manchester NN
tomorrow NN
on IN
BA NN
2910 NN
and CC
fly VB
to TO
Barbados NN
on IN
Sunday NNP
RT NN
@SteevoSupremo NN
: :
#The1906andPearlsShow NN
THIS NN
MONDAY NN
@ IN
7:06 NN
: :
08pm NN
!!!!! NN
#MAINBUILDING NN
ROOM NN
. .
104 CD
!!! NN
http://twitpic.com/2oeark NN
SPECIAL NN
PERF NN
... :
In IN
bed NN
watching VBG
Day NNP
51 CD
HLs NN
. .
( NN
Awaiting NN
Marcus NN
Bentley NN
! .
) NN
#BB11 NN
@Starmaker73 NN
ya NN
but CC
it PRP
would MD
have VBP
to TO
go VB
down RB
Saturday NNP
morning NN
and CC
tht NN
would MD
ntake NN
all DT
day NN
lol NN
so RB
id NN
be VB
cutting VBG
it PRP
close VB
lol NN
Our PRP$
Favorite NN
YouTube NN
Videos NN
This DT
Week NN
: :
The DT
Drama NN
Edition NN
http://dlvr.it/5RfHy NN
i NN
see VB
some DT
ppl NN
celebrating VBG
their PRP$
birthdays NN
like IN
2-3 NN
times NNS
a DT
year NN
... :
WTF NN
?! NN
@TRARONEdwards NN
tuesday NN
is VBZ
perfecy NN
WIN NN
FREE NN
PAMPERS NN
FOR IN
A DT
YEAR NN
!!! NN
And CC
more JJR
... :
http://nblo.gs/80qJu NN
today NN
is VBZ
my PRP$
last JJ
day NN
at IN
the DT
office NN
. .
Stop VB
by IN
the DT
COLLEGE NN
REPUBLICAN NN
TAILGATE NN
tomorrow NN
@ IN
9:30 NN
in IN
Yellow JJ
Lot NN
17 CD
for IN
FOOD NN
before IN
the DT
game NN
RT NN
@OscarBlandi NN
: :
That DT
time NN
again RB
! .
#FreebieFriday NN
Be NN
the DT
15th NN
RT NN
& CC
get VB
your PRP$
hands NNS
on IN
a DT
free JJ
travel NN
size NN
pronto NN
invisible JJ
dry JJ
shampoo NN
! .
Oh UH
yeah NN
! .
Probably NN
hairdresser NN
tomorrow NN
, ,
and CC
for IN
sure JJ
meet VB
Levin NNP
, ,
Hien NN
&lt; NN
3 CD
and CC
Fabi NN
. .
'll MD
have VBP
a DT
great JJ
daaaaay NN
&lt; NN
33 CD
RT NN
@SonyElectronics NN
: :
Sony/Bud NN
Light NNP
3D NN
tailgate NN
parties NNS
on IN
Saturday NNP
- :
Clemson NN
party NN
at IN
http://bit.ly/cds8Pd NN
; :
Auburn NN
party NN
at IN
http://bit NN
. .
... :
I PRP
may MD
have VBP
been VBN
wrong JJ
about IN
Murkowski NN
, ,
look VB
like IN
she PRP
's POS
going VBG
to TO
turn VB
Friday NNP
news NN
dump NN
on IN
its PRP$
head NN
. .
three-way NN
race NN
reportedly RB
ahead RB
in IN
AK NN
. .
I PRP
've VBP
got VBD
a DT
theory NN
that IN
if IN
you PRP
give VB
100% NN
all DT
of IN
the DT
time NN
, ,
somehow RB
things NNS
will MD
work NN
out IN
in IN
the DT
end NN
. .
-Larry NN
Bird NN
I PRP
have VBP
lost VBD
everything NN
importing VBG
in IN
my PRP$
life NN
within IN
the DT
past JJ
week NN
anything NN
that IN
i NN
loved VBD
is VBZ
now RB
gone VBN
Hit VBN
word NN
count VB
! .
Woo-hoo NN
! .
*throwing NN
confetti* NN
Now RB
I PRP
can MD
goof NN
off IN
tonight RB
and CC
read VB
. .
*happy NN
writer NN
dance* NN
#amwriting NN
#havewritten-yay NN
! .
Korean JJ
War NNP
spy NN
rivalries NN
persist VB
60 CD
years NNS
later RB
: :
Far NNP
be VB
it PRP
that IN
the DT
week NN
should MD
pass VB
without IN
noting VBG
that IN
it PRP
was VBD
60 CD
... :
http://bit.ly/cCjFBm NN
It PRP
is VBZ
Friday NNP
afternoon NN
adn NN
I PRP
could MD
n't RB
be VB
happier NN
. .
Ending NN
a DT
crappy NN
week NN
on IN
a DT
good JJ
note NN
is VBZ
always RB
nice JJ
. .
@MrzEndy NN
tru NN
tru NN
I PRP
'm VBP
leavin NN
again RB
on IN
Tuesday NNP
yo NN
by IN
my PRP$
lonesome NN
tonight RB
.... NN
#obsessions NN
The DT
guys NNS
are VBP
cooking NN
about IN
a DT
dozen NN
pizzas NN
at IN
our PRP$
house NN
for IN
the DT
tailgate NN
tonight RB
. .
Nonetheless RB
it PRP
smells VBZ
fresh JJ
in IN
this DT
place NN
. .
I PRP
heart NN
Park(ing NN
) NN
Day NNP
! .
Photo NNP
of IN
meter NN
shark NN
: :
http://bit.ly/aQun1b NN
hows NN
everyones NN
day NN
goin NN
? .
Going VBG
to TO
start VB
#HelloMornings NN
on IN
Oct NNP
1 CD
- :
Check NN
it PRP
out IN
on IN
@michellebygrace NN
@Phoebe1_ NN
and CC
i NN
also RB
loved VBD
the DT
last JJ
years NNS
eurovision NN
entry NN
!! NN
hoppaa NN
! .
they PRP
were VBD
cool VB
too RB
!! NN
; :
I PRP
can MD
upgrade VB
to TO
a DT
BlackBerry NN
in IN
November NNP
!! NN
Yesss NN
. .
&lt; NN
3 CD
BB NN
Bold NN
, ,
here RB
I PRP
come VB
! .
@_Kinghoopa NN
the DT
one CD
thats NN
out IN
now RB
is VBZ
free JJ
... :
Father NN
to TO
tha NN
Game NN
is VBZ
droppin NN
in IN
a DT
month NN
or CC
so RB
.. NN
A DT
TRUE JJ
friend NN
walks VBZ
in IN
when WRB
everybody NN
else RB
walks VBZ
out IN
! .
@lauraluanabeth NN
'll MD
be VB
back RB
in IN
LA NNP
tomorrow NN
night NN
! .
yaaaay NN
! .
Do VBP
n't RB
Have VB
Time NNP
To TO
Stop VB
In IN
??? NN
Then RB
, ,
Check NN
Out NN
Our PRP$
Quick NNP
Full NN
Service NNP
Drive NN
Thru NN
Window NN
:) NN
today NN
seems VBZ
like IN
a DT
good JJ
day NN
to TO
chill NN
:) NN
the DT
tears NN
may MD
have VBP
been VBN
and CC
gone VBN
, ,
but CC
the DT
feeling NN
still RB
stay VB
the DT
same JJ
. .
Still RB
on IN
my PRP$
@teganandsara NN
kick VBP
! .
It PRP
's POS
been VBN
a DT
solid JJ
2 CD
weeks NNS
! .
Chilling NN
wit NN
my PRP$
baby NN
tonight RB
! .
@abzmedic NN
I PRP
'm VBP
missing VBG
autumn NN
because IN
of IN
work NN
. .
:( NN
I PRP
must MD
get VB
into IN
the DT
forests NN
tomorrow NN
! .
#woot NN
I'd NN
like IN
to TO
buy VB
this DT
, ,
but CC
i NN
have VBP
a DT
hard JJ
time NN
doing VBG
a DT
sit VB
up IN
... :
RT NN
@Sexstrology NN
: :
Pisces NN
tend VBP
to TO
escape VB
into IN
fantasy NN
and CC
day NN
dreams NNS
. .
There EX
they PRP
are VBP
free JJ
. .
Cant NN
wait VB
for IN
the DT
ravens NN
game NN
tomorrow NN
.... NN
go VB
ray NN
rice NN
!!!!!!! NN
@PERSONGUY6661 NN
I PRP
have VBP
n't RB
unfortunately RB
:( NN
I PRP
missed VBD
the DT
chance NN
when WRB
theycame NN
to TO
the DT
uk NN
this DT
year NN
, ,
you PRP
seen VBN
them PRP
? .
Stephen NNP
, ,
the DT
Intellectual NN
. .
@bbhess NN
I PRP
bet NN
ppl NN
that IN
design NN
book NN
covers VBZ
for IN
a DT
living VBG
hate VBP
when WRB
people NNS
say VBP
do VBP
n't RB
judge NN
a DT
book NN
by IN
its PRP$
cover VB
I PRP
miss VB
being VBG
able JJ
to TO
run VB
and CC
dance NN
around IN
all DT
day NN
instead RB
of IN
having VBG
to TO
catch VB
my PRP$
breath NN
every DT
five CD
minutes NNS
of IN
my PRP$
life NN
. .
Is VBZ
all DT
done VBN
getting VBG
things NNS
set VBN
up IN
for IN
the DT
Ultimate NN
Magic NNP
playtest NN
that IN
starts VBZ
on IN
Monday NNP
. .
Ca MD
n't RB
wait VB
to TO
see VB
what WP
people NNS
think VBP
. .
I PRP
've VBP
never RB
found VBD
a DT
happy JJ
way NN
to TO
preserve VB
it PRP
but CC
it PRP
's POS
usually RB
affordable JJ
most RBS
of IN
the DT
year NN
. .
We PRP
eat VB
a DT
lot NN
2 CD
, ,
grilled NN
saute NN
bake NN
or CC
fried NN
RT NN
@LilTwist NN
: :
RT NN
this DT
if IN
you PRP
want VBP
me PRP
to TO
go VB
back RB
live VB
on IN
Ustream NN
later RB
tonight RB
Have VB
DJ NNP
Got VBD
Us NN
Fallin NN
in IN
Love NN
in IN
my PRP$
head NN
. .
" NN
Cause NN
baby NN
tonight RB
, ,
The DT
dj NN
got VBD
us PRP
fallin NN
in IN
love VB
again RB
" NN
@Littlesapling NN
You PRP
said VBD
that IN
last JJ
week NN
Ash NN
. .
I PRP
think VBP
you PRP
need VBP
a DT
12 CD
step NN
program NN
. .
How WRB
to TO
Write NN
a DT
Resume NN
After IN
Being NN
Fired NN
: :
Dealing VBG
with IN
how WRB
to TO
write VB
a DT
resume VB
after IN
being VBG
fired VBN
is VBZ
something NN
many JJ
of IN
... :
http://bit.ly/amRxFJ NN
Amber NNP
Le NN
Bon NN
is VBZ
to TO
walk VB
in IN
Giles NN
Deacon NN
's POS
Monday NNP
LFW NN
show VB
@KFSH NN
totally RB
! .
I PRP
can MD
go VB
a DT
week NN
w/o NN
tv NN
, ,
phones NNS
or CC
a DT
computer NN
. .
I PRP
get VB
some DT
time NN
to TO
myself PRP
and CC
God NNP
. .
Brings NN
peace NN
into IN
my PRP$
life NN
. .
last JJ
day NN
of IN
sorting NN
pope NN
visit NN
to TO
birmingham NN
stuff NN
out IN
..... NN
hope NN
it PRP
goes VBZ
ok NN
on IN
sunday NN
!! NN
Lmao NN
.. NN
They PRP
#Hurrt NN
! .
RT NN
@_sofucKENNrude NN
y NN
every DT
nigga NN
tryna NN
grow VB
they PRP
hair NN
out IN
. .
should MD
of IN
did VBD
that IN
a DT
long JJ
time NN
ago RB
. .
-_- NN
skimp NN
ass NN
braids NN
. .
RT NN
@TomsTop5 NN
: :
Check NN
us PRP
out IN
- :
we PRP
're VBP
FEATURED NN
on IN
iTunes NN
this DT
week NN
! .
Make VB
sure JJ
to TO
subscribe NN
so RB
Jobs NN
knows VBZ
you PRP
love VB
us PRP
http://twitpic.com/2pdr8h NN
just RB
about IN
off IN
work NN
! .
going VBG
to TO
alderwood NN
again RB
:) NN
yay NN
. .
hopefully RB
we PRP
got VBD
cody NN
's POS
ipod NN
in IN
the DT
mail NN
today NN
. .
@justinbieber NN
I PRP
have VBP
chance NN
with IN
you PRP
? .
webcam NN
enters VBZ
Sunday NNP
7:00 NN
pm NN
? .
please VB
? .
to TO
talk VB
right NN
! .
kisses NN
on IN
the DT
chin NN
Its PRP$
stupid JJ
I PRP
hate VBP
getn NN
a DT
attitude NN
from IN
ppl NN
when WRB
I PRP
'm VBP
jus NN
tryna NN
be VB
nice JJ
n NN
shit NN
. .
WTF NN
now RB
I PRP
'm VBP
mad NN
so RB
dnt NN
talk VB
to TO
me PRP
right NN
now RB
RT NN
@DamnTeenQuotes NN
: :
I PRP
remember VBP
when WRB
i NN
was VBD
your PRP$
age NN
, ,
spencer NN
from IN
iCarly NN
was VBD
Crazy NN
Steve NNP
, ,
Carly NN
was VBD
Megan NN
and CC
Josh NN
was VBD
fat JJ
. .
#damnteenquotes NN
@itzkeving NN
im NN
getting VBG
mine NN
off IN
this DT
monday NN
:' NN
) NN
Israel NNP
grinds NN
to TO
a DT
halt VB
for IN
Yom NN
Kippur NN
fasting NN
day NN
( NN
wwrn.org NN
) NN
http://bit.ly/cqlwCZ NN
#Fancyflow NN
.. NN
im NN
in IN
the DT
hair NN
salon NN
right NN
now RB
.. NN
smh NN
.. NN
Friday NNP
, ,
its PRP$
packed VBN
in IN
here RB
RT NN
@neimanMarcus203 NN
: :
Where WRB
is VBZ
@ihavesuperpower NN
??? NN
@vogueglamGIRL NN
Ah NN
I PRP
know VB
! .
She PRP
is VBZ
simply RB
the DT
best JJS
in IN
The DT
Sept NNP
Issue NN
. .
My PRP$
boyfriend NN
's POS
aunt NN
worked VBD
for IN
Anna NN
Wintor NN
in IN
NY NN
. .
Reduced NN
Sodium NN
labels NN
may MD
only RB
have VBP
25% NN
less JJR
sodium NN
than IN
the DT
original JJ
.. NN
go VB
for IN
" NN
Low NNP
Sodium NN
" NN
labels NN
which WDT
have VBP
no DT
more JJR
than IN
140 CD
mg NN
per IN
serving VBG
@Infamous__Kid NN
lol NN
you PRP
always RB
got VBD
problems NNS
with IN
ur NN
hair NN
you PRP
said VBD
somethin NN
last JJ
time NN
like IN
they PRP
didnt NN
cut VB
it PRP
right NN
ha NN
Going VBG
now RB
. .
Be NN
back RB
later RB
tonight RB
. .
Thanks NNS
for IN
all DT
the DT
Friday NNP
Fucking NN
, ,
appreciate VB
it PRP
. .
Make VB
love VB
, ,
not RB
war NN
: :
condoms NN
are VBP
cheaper JJR
than IN
guns NN
. .
XOXO NN
Awesome NN
tennis NN
practice NN
today~ NN
So RB
happy JJ
to TO
play VB
again RB
:) NN
Sleeping NNP
later RB
and CC
later RB
everyday JJ
, ,
waking NN
up IN
earlier RBR
and CC
earlier RBR
day NN
by IN
day NN
. .
My PRP$
eyes NNS
are VBP
getting VBG
smaller JJR
and CC
smaller JJR
. .
RT NN
@WALuvsKatStacks NN
: :
Ah NN
, ,
i NN
asked VBD
for IN
a DT
follow VB
back RB
- :
when WRB
i NN
already RB
hadd NN
one CD
so RB
they PRP
call VB
me PRP
thirsty NN
lmao NN
? .
Fck NN
you PRP
#teamkatstacksbitch NN
... :
chinese NN
food NN
.. NN
stayin NN
in IN
for IN
tonight RB
but CC
goin NN
to TO
the DT
archery NN
range NN
either DT
tomorrow NN
or CC
sunday NN
Think NN
I PRP
'm VBP
going VBG
to TO
give VB
in IN
and CC
pull VB
the DT
boots NNS
out IN
tonight RB
! .
#bittersweet NN
nightmare NN
before IN
christmas NN
!!! NN
@hdscc NN
Yo NN
Man NN
, ,
just RB
won VBD
$1000 NN
tonight RB
. .
100% NN
Bonus NN
, ,
Bonus NN
Code NNP
: :
win2bet NN
! .
Fantastic NN
Place NN
to TO
Play NNP
http://bit.ly/aoDEls?=njq4 NN
RT NN
@mrdaveyd NN
: :
PG&lt;E NN
donated VBN
35G NN
to TO
state NN
committe NN
chairman NN
investigating VBG
them PRP
1day NN
after IN
explosion NN
in IN
#sanBrunofire NN
-Who NN
is VBZ
still RB
defendi NN
... :
I PRP
called VBN
my PRP$
sister NN
and CC
she PRP
asked VBD
why WRB
i NN
want VBP
a DT
mcdonalds NN
at IN
this DT
time NN
of IN
nigh NN
t.i NN
said VBD
' POS
blame VB
rose VBD
' POS
she PRP
said VBD
' POS
who WP
's POS
rose VBD
?' NN
lmao NN
Fresh NN
out IN
the DT
psych NN
ward NN
today NN
@IzzieZac NN
Told NN
you PRP
!! NN
:o NN
)) NN
When WRB
's POS
she PRP
back RB
again RB
? .
Today NN
was VBD
awesome NN
, ,
I PRP
finally RB
get VB
to TO
relax VB
:) NN
#yesterday NN
My PRP$
#twitter NN
age NN
is VBZ
458 NN
days NNS
0 NN
hours NNS
3 CD
minutes NNS
49 CD
seconds NNS
. .
Find NN
out IN
yours NN
at IN
http://twitter.seocoder.org/ NN
#twittertime NN
ugh NN
so RB
this DT
chick NN
onFB NN
jus NN
wrote VBD
this DT
long JJ
status NN
cussin NN
me PRP
out IN
, ,
but CC
im NN
not RB
even RB
gonna NN
stoop NN
to TO
her PRP$
leve NN
but CC
i NN
wanna NN
bomb NN
her PRP$
ass NN
out IN
so RB
bad JJ
pulling VBG
an DT
all DT
nighter NN
tonight RB
.... NN
good JJ
times NNS
are VBP
approaching VBG
It PRP
's POS
official NN
. .
Next JJ
book NN
club NN
selection NN
is VBZ
" NN
Not RB
a DT
Genuine NN
Black NNP
Man NN
" NN
by IN
@BrianCopie NN
I PRP
saw VBD
the DT
show VB
a DT
few JJ
years NNS
ago RB
and CC
it PRP
was VBD
fantastic JJ
. .
@FirstLadyEve NN
have VBP
a DT
dating VBG
show VB
with IN
@ogochocinco NN
evry NN
week NN
'll MD
compete VB
with IN
sum NN
hawt NN
dude NN
2 CD
keep VB
ur NN
intrest NN
like IN
@willdemps NN
my$ NN
on IN
will MD
RT NN
@twitter NN
: :
#AskEv NN
your PRP$
big JJ
questions NNS
about IN
the DT
new JJ
Twitter NN
. .
com NN
today NN
at IN
1pm NN
PST NN
. .
'll MD
be VB
responding VBG
from IN
his PRP$
own JJ
account NN
(@ev) NN
. .
Make VB
... :
I PRP
need VBP
a DT
syringe NN
of IN
anything NN
you PRP
want VBP
but CC
which WDT
will MD
switch VB
me PRP
off IN
till IN
tomorrow NN
noon NN
, ,
anyone NN
?? NN
RT NN
@high_n_fly NN
: :
#FACT NN
when WRB
you PRP
are VBP
comfortable JJ
with IN
yourself NN
nothing NN
else RB
matters NNS
nobody NN
can MD
tell VB
you PRP
about IN
yourself NN
#HnF NN
@SoccerByIves NN
Let VB
's POS
hope NN
the DT
Serie NN
A DT
continues VBZ
to TO
be VB
on IN
the DT
tv NN
schedule NN
next JJ
week NN
. .
This DT
strike NN
has VBZ
fans NNS
of IN
Calcio NN
worried VBN
.... NN
RT NN
@JeremiahBonds NN
: :
who WP
thinks VBZ
they PRP
deserve VBP
a DT
#ff NN
follow VB
friday NN
? .
lol NN
&lt; NN
&lt; NN
@Ms_GudBitch NN
Duhhh NN
Lol NN
:) NN
http://bit.ly/aTTQYq NN
When WRB
Pepsi NNP
to TO
ring VBP
usually RB
confirm VB
to TO
, ,
winning VBG
a DT
Nokia NN
5800 NN
? .
Just RB
tried VBD
to TO
watch VB
The DT
Inbetweeners NN
for IN
the DT
first JJ
time NN
, ,
not RB
entirely RB
sure JJ
about IN
it PRP
. .
WEDNESDAY NN
NITES NN
WE NN
CRANK NN
IT PRP
UP IN
AT NN
VISIONS NN
LOUNGE NN
!!!!! NN
18+ NN
NO NN
COLLEGE NN
ID NN
NEEDED NN
! .
LADIES NN
FREE NN
B4 NN
11PM NN
! .
VISIONS NN
LOUNGE NN
( NN
247 CD
1ST NN
AVE NN
HKY NN
) NN
Today NN
I PRP
justt NN
felt VBD
special JJ
forr NN
no DT
reason NN
&lt; NN
3 CD
. .
It PRP
wass NN
cool VB
thou( NN
: :
RT NN
@PLLGirls NN
: :
Episodes NN
1-10 NN
of IN
Pretty NN
Little JJ
Liars NN
will MD
air NN
in IN
the DT
UK NNP
on IN
October NNP
18 CD
! .
@Loserface_Laura NN
when WRB
mike NN
lets NN
me PRP
know VB
, ,
I PRP
will MD
let VB
you PRP
know VB
. .
I PRP
mean VB
everyone NN
might MD
just RB
switch VB
out IN
a DT
lot NN
. .
@CULTOFMIKEY NN
It PRP
's POS
too RB
long JJ
, ,
and CC
it PRP
just RB
... :
I PRP
do VBP
n't RB
know VB
, ,
it PRP
sounds VBZ
cliche NN
. .
And CC
dumb NN
. .
My PRP$
sister NN
wants VBZ
to TO
cry VB
she PRP
hates NN
it PRP
so RB
much JJ
. .
Goin NN
to TO
my PRP$
BEST NN
friends NNS
birthday NN
party NN
2day NN
. .
As IN
u NN
can MD
see VB
her PRP$
name NN
is VBZ
taylor NN
and CC
i NN
love VB
her PRP$
like IN
a DT
sister NN
! .
~HAPPY NN
B-DAY NN
TAYLOR NN
!!! NN
LUVZ NN
YA~ NN
the DT
day NN
you PRP
go VB
shirtless NN
in IN
school NN
is VBZ
the DT
day NN
I PRP
give VB
birth NN
to TO
a DT
pig NN
Man NN
gets VBZ
20 CD
years NNS
in IN
murder NN
plot NN
against IN
judge NN
http://bit.ly/agB9iL NN
RT NN
@ChrystallK NN
: :
Yo NN
, ,
artists NNS
! .
ASU NN
Step NN
Gallery NNP
wants VBZ
your PRP$
" NN
socially NN
relevant JJ
" NN
comic JJ
book NN
cover VB
designs NNS
for IN
a DT
Nov NNP
. .
show VB
http://bit.ly/8YLSw4 NN
A DT
day NN
late JJ
but CC
thank VBP
you PRP
= SYM
) NN
I PRP
love VB
it PRP
@joejonas NN
@nickjonas NN
@kevinjonas NN
@papajonas NN
@greggarbo NN
@johnlloydtaylor NN
Rock NNP
to TO
SECTION NN
204 NN
tonight RB
!!!! NN
@ IN
home NN
chilling VBG
guess VBP
I PRP
'm VBP
staying VBG
in IN
2day NN
2 CD
rest NN
this DT
week NN
was VBD
crazy JJ
but CC
I PRP
'm VBP
ready JJ
for IN
dis NN
weekend NN
Peace NNP
green JJ
tea NN
time NN
!! NN
Happyzone NN
!!!! NN
:) NN
)))) NN
man NN
my PRP$
twin JJ
wanna NN
act NN
fake JJ
today NN
but CC
its PRP$
okay JJ
bcuz NN
i NN
still RB
love VB
you PRP
@peasmom3 NN
and CC
as IN
if IN
I PRP
was VBD
n't RB
obsessed NN
with IN
AFL NN
already RB
, ,
after IN
Sunday NNP
I PRP
've VBP
gotten VBN
even RB
more JJR
so RB
!! NN
I PRP
'm VBP
so RB
obsessed NN
with IN
his PRP$
sexiness NN
!!!! NN
RT NN
@LilTwist NN
: :
RT NN
this DT
if IN
you PRP
want VBP
me PRP
to TO
go VB
back RB
live VB
on IN
Ustream NN
later RB
tonight RB
@ohy22SD NN
Hopefully NN
the DT
Force NNP
will MD
be VB
VERY NN
strong JJ
with IN
the DT
#Padres NN
tonight RB
. .
We PRP
NEED NN
a DT
win VB
. .
#ScoreSomeRuns NN
Bestfriend NN
HouseTonight NN
Til NN
Sunday NNP
Route NN
66 CD
Tomarrow NN
Wit NN
The DT
Cuhzans NN
, ,
Bestfriend&lt;Ride NN
Or CC
Die NN
. .
Fuxx NN
Widd NN
IHT NN
MODEL'$$ NN
Repp NN
:) NN
Good JJ
day NN
looking VBG
for IN
software NN
n NN
usb NN
drivers NNS
http://f.ast.ly/DfxRf NN
I PRP
was VBD
15 CD
minutes NNS
late JJ
yesterday NN
so RB
I PRP
left VBN
20 CD
min NN
earlier RBR
today NN
. .
I PRP
will MD
be VB
20 CD
minutes NNS
late JJ
today NN
. .
#lifeispointless NN
@isaccnewton7 NN
call VB
me PRP
when WRB
u NN
go VB
out IN
to TO
practice NN
@JoshRamsayArmy NN
Kay NNP
sorry JJ
... :
Well UH
my PRP$
dad NN
lest IN
when WRB
i NN
was VBD
3 CD
. .
He PRP
has VBZ
issues NNS
. .
He PRP
held VBN
a DT
knife NN
at IN
mom NN
. .
I PRP
can MD
STILL NN
remember VBP
that IN
... :
=/ NN
RT NN
@kiera16_x NN
: :
#Twitition NN
HELP NN
us PRP
meet VB
Justin NN
Bieber NN
on IN
November NNP
6 CD
( NN
: :
THANKYOU NN
http://twitition.com/oxm5g NN
@MariaMdn NN
i NN
swear NN
when WRB
you PRP
miss VB
1 CD
day NN
of IN
school NN
, ,
feels VBZ
like IN
you PRP
missed VBD
a DT
whole JJ
year NN
! .
dont NN
even RB
have VBP
homwork NN
today NN
, ,
suprising NN
? .
Preventing NN
Public NNP
Health NNP
Disasters NN
[ NN
The DT
Pump NN
Handle] NN
: :
Earlier RBR
this DT
week NN
, ,
FDA NNP
Commissioner NN
Margaret NN
Hamburg NNP
present JJ
... :
http://bit.ly/9i1AEg NN
Lol NN
lucky JJ
me PRP
, ,
u NN
remembered VBD
me PRP
:D NN
... :
When WRB
u NN
c NN
her PRP$
again RB
tell VB
her PRP$
I PRP
say VBP
hi NN
x NN
) NN
watching VBG
the DT
VMA NN
pre-show NN
again RB
lol NN
it PRP
was VBD
n't RB
even RB
a DT
good JJ
show VB
the DT
first JJ
time NN
... :
so RB
bored NN
! .
DJ NNP
set VBN
at IN
The DT
Standard NNP
in IN
LA NNP
tonight RB
! .
http://fb.me/I91IUaEq NN
This DT
is VBZ
the DT
2nd NN
hospital NN
ive NN
been VBN
in IN
today NN
, ,
but CC
ive NN
just RB
seen VBN
a DT
doctor NN
who WP
was VBD
an DT
older JJR
version NN
of IN
justin NN
:' NN
) NN
Personal JJ
Twitter NN
is VBZ
now RB
ago RB
. .
People NNS
can MD
now RB
keep VB
track NN
of IN
me PRP
instead RB
of IN
just RB
my PRP$
films NNS
and CC
production NN
company NN
. .
@Suzie55 NN
whispering NN
cause VB
I PRP
may MD
have VBP
had VBD
1 CD
too RB
many JJ
vodka NN
's POS
last JJ
night NN
and CC
am VBP
a DT
lil NN
fragile JJ
, ,
hold VB
me PRP
? .
@bendingoutward NN
What WP
about IN
the DT
site NN
could MD
be VB
changed VBN
in IN
order NN
to TO
reduce VB
the DT
time NN
required VBN
for IN
you PRP
to TO
provide VB
solutions NNS
? .
I PRP
like IN
@SouljaBoy NN
songs NN
after IN
a DT
few JJ
drinks NNS
... :
asked VBD
me PRP
a DT
question NN
for IN
once RB
, ,
but CC
no DT
! .
You PRP
ask VB
me PRP
about IN
fucking NN
donuts NN
you PRP
donut NN
... :
have VBP
a DT
nice JJ
day NN
:P NN
every DT
year NN
your PRP$
" NN
bestfriend NN
" NN
get VB
yo NN
ass NN
in IN
trouble NN
smdh NN
#doinme NN
And CC
now RB
the DT
wait VB
til NN
the DT
games NNS
get VB
started VBD
for IN
the DT
day NN
. .
belles NN
mansion NN
4 CD
bday NN
dinner NN
. .
eventhough NN
its PRP$
a DT
day NN
early JJ
. .
*N*I*K*K*I* NN
CHILLIN NN
@LIVE NN
TONIGHT NN
! .
But CC
in IN
any DT
case NN
I PRP
suppose VBP
you PRP
will MD
not RB
let VB
it PRP
away RB
for IN
some DT
days NNS
? .
So RB
this DT
will MD
be VB
more JJR
lhs NN
games NNS
then RB
i NN
went VBD
to TO
then RB
when WRB
i NN
went VBD
to TO
lhs NN
@ToriVicotia NN
aaahhh NN
! .
Me NN
too RB
!!!! NN
Its PRP$
so RB
much JJ
better JJR
than IN
when WRB
you PRP
play VB
it PRP
yourself NN
! .
Haha NN
! .
lush NN
when WRB
ya NN
download NN
limit NN
has VBZ
been VBN
succeeded VBN
like IN
all DT
night NN
: :
L NN
I PRP
HATE NN
MY NN
MOTHER NN
!!!!!!!!!!!... NN
Where WRB
is VBZ
Dee NN
when WRB
I PRP
need VBP
him PRP
Pick NN
up IN
here RB
. .
Deliver NN
on IN
Dayton NNP
NJ NN
tomorrow NN
(@ NN
Ball NNP
Metal NN
Container NN
) NN
MetroPCS NN
has VBZ
the DT
worst JJS
customer NN
service NN
I PRP
've VBP
experienced VBN
in IN
months NNS
( NN
trying VBG
to TO
help VB
someone NN
order NN
a DT
phone NN
) NN
#metropcs NN
#fail NN
@xSophieBx NN
He PRP
has VBZ
a DT
habit NN
of IN
tweeting NN
at IN
the DT
same JJ
time NN
as IN
you PRP
lol NN
I PRP
need VBP
to TO
draw VB
FASTER NN
. .
I PRP
'm VBP
gonna NN
scan NN
two CD
weeks NNS
worth JJ
of IN
doodles NN
to TO
get VB
going VBG
, ,
lol NN
. .
AND CC
EVERYTHING NN
YOU PRP
STAND NN
FOR IN
, ,
TURNS NN
ON NN
YOU PRP
TO TO
SPITE NN
YOU PRP
? .
WHAT WP
HAPPENS NN
WHEN WRB
YOU PRP
BECOME NN
THE DT
MAIN NN
SOURCE NN
OF IN
HER NN
PAIN NN
? .
LIVESTRONG NN
Day NNP
is VBZ
10-02-10 NN
around IN
the DT
world NN
. .
RT NN
@itsPLG NN
: :
Congrats NN
to TO
@bobburnquist NN
for IN
qualifying NN
in IN
1st NN
place NN
today NN
!!! NN
Yeah NN
son NN
!!! NN
Everything NN
shouldber NN
cleared VBD
up IN
by IN
the DT
week NN
end NN
. .
@toukie_s NN
i'mgoing NN
to TO
sleep VBP
, ,
not RB
feeling NN
very RB
well RB
, ,
see VB
you PRP
tomorrow NN
Soulja NN
Boy NN
| NN
TheDeAndreWay NN
. .
com NN
- :
The DT
DeAndre NN
Way NN
in IN
stores NNS
Nov NNP
2 CD
, ,
2010 CD
souljaboytellem-iga.ning.com NN
via IN
@SouljaBoy NN
! .
#Blessed NN
RT NN
@dropolo NN
Headed NN
to TO
da NN
gump NN
today NN
alabama NN
here RB
I PRP
come VB
&lt; NN
&lt; NN
come VB
to TO
shut VBN
it PRP
down RB
broski NN
.. NN
fuck NN
wit NN
me..Parlae NN
's POS
in IN
house NN
producer NN
@Dc_Luvs_Swift NN
randomly NN
that IN
just RB
made VBN
me PRP
smile NN
:D NN
do VBP
n't RB
ring VBP
the DT
bell NN
tweet NN
me PRP
when WRB
ur NN
here RB
'll MD
let VB
u NN
in IN
:D NN
... :
that IN
def NN
would MD
be VB
awesome NN
:D NN
@justinbieber NN
I PRP
could MD
sing VB
with IN
you PRP
what WP
I`ll NN
do VBP
o NN
show VB
in IN
november NN
in IN
my PRP$
city NN
oh NN
my PRP$
dream NN
and CC
sing VB
one CD
time NN
The DT
Basic NN
Step NN
Before IN
You PRP
Even RB
Start NN
Thinking NN
Of IN
Making VBG
Your PRP$
...: NN
Keyword NN
research NN
is VBZ
a DT
well RB
known VBN
subject NN
, ,
yet RB
so RB
... :
http://bit.ly/9XQgSr NN
@SnoopDogg NN
hey NN
snoop NN
my PRP$
wife NN
Cath NN
is VBZ
30 CD
today NN
, ,
any DT
chance NN
of IN
a DT
shout NN
out IN
to TO
her PRP$
, ,
Today NN
I PRP
got VBD
a DT
promotion NN
at IN
work NN
, ,
and CC
tomorrow NN
I PRP
'm VBP
going VBG
home NN
to TO
Wisconsin NNP
for IN
a DT
few JJ
days NNS
. .
So RB
content NN
with IN
life NN
right NN
now RB
. .
:) NN
It PRP
might MD
just RB
be VB
me PRP
but CC
when WRB
males NN
text NN
" NN
K NNP
" NN
or CC
cross VBP
there EX
legs NN
while IN
sitting VBG
ai NN
n't RB
cool VB
wit NN
me PRP
. .
@Foxy_Shoe_Thief NN
*purrs NN
long JJ
on IN
the DT
inside IN
, ,
moving VBG
stealthy NN
like IN
my PRP$
pard NN
taught VBD
me PRP
to TO
do VBP
.. NN
ears NNS
pulled VBD
back RB
, ,
claws NN
out IN
long* NN
@MicahPardKing NN
Must MD
say VBP
iPhone NN
is VBZ
more JJR
accurate JJ
. .
Wasnt NN
brought VBN
up IN
here RB
though IN
, ,
Wrawby NN
is VBZ
where WRB
I PRP
spent VBD
18 CD
years NNS
of IN
my PRP$
life NN
. .
Before IN
I PRP
proceed VBP
into IN
the DT
paradise NN
, ,
let VB
's POS
not RB
forget VB
the DT
Princess NN
Lover NN
OVA NN
1 CD
teaser NN
pic NN
, ,
SFW NN
http://yfrog.com/0fg2kfj NN
ahaha NN
that IN
just RB
made VBN
my PRP$
day NN
xDlmfao NN
!!!! NN
Pope NNP
Benedict NN
trip NN
: :
Why WRB
move NN
John NNP
Henry NNP
Newman NN
toward IN
sainthood NN
?: NN
Pope NNP
Benedict NN
XVI NN
plans NNS
on IN
Sunday NNP
during IN
his PRP$
sta NN
... :
http://bit.ly/d7tM0r NN
When WRB
you PRP
know VB
what WP
you PRP
want VBP
, ,
and CC
want VBP
it PRP
bad JJ
enough RB
, ,
you PRP
will MD
find VB
a DT
way NN
to TO
get VB
it PRP
. .
- :
Jim NNP
Rohn NN
RT NN
@TheSCICoach NN
@MikePortnoy NN
I PRP
got VBD
slapped VBD
in IN
the DT
face NN
the DT
other JJ
day NN
by IN
a DT
few JJ
DT NN
fans NNS
because IN
I PRP
said VBD
you PRP
were VBD
awesome NN
for IN
joining VBG
A7X NN
. .
So RB
worth JJ
it PRP
. .
foREVer NN
! .
LOL NN
A-W-E-S-O-M-E NN
!! NN
btw NN
, ,
totally RB
agree VBP
RT NN
@fanoffob NN
Fall NN
Out NN
Boy NN
is VBZ
gay JJ
#reallymeans NN
I PRP
'm VBP
secretly RB
a DT
big JJ
time NN
fan NN
. .
My PRP$
first JJ
assignment NN
was VBD
a DT
medical JJ
illustration NN
job NN
through IN
a DT
friend NN
. .
After IN
meeting NN
with IN
the DT
surgeon NN
, ,
I PRP
comple NN
... :
@MATHHOFFA NN
@darealjustjuice NN
yo NN
I PRP
put VB
that IN
bitch NN
boy NN
in IN
his PRP$
place NN
the DT
other JJ
day NN
. .
Do VBP
n't RB
even RB
waste NN
ya NN
time NN
wit NN
clowns NN
RT NN
@AKingPNCRadio NN
: :
Shout NN
out IN
to TO
@Laureluxe NN
for IN
a DT
dope NN
show VB
today NN
on IN
@TheLuxeHour NN
w/special NN
guest NN
@cheridennis NN
... :
audio JJ
droppin NN
later RB
tod NN
... :
RT NN
@BiebersFairies NN
: :
the DT
day NN
Justin NN
Bieber NN
was VBD
born VBN
was VBD
a DT
rainy NN
day NN
, ,
but CC
it PRP
was VBD
no DT
rain NN
, ,
NO NN
! .
the DT
heaven NN
was VBD
crying NN
cause VB
he PRP
lost VBD
his PRP$
most RBS
... :
@JessicaLynne6 NN
where WRB
you PRP
takin NN
me PRP
tonight RB
after IN
u NN
get VB
off IN
? .
i NN
know VB
u NN
tryna NN
kick VBP
it PRP
.. NN
lol NN
@besocialonline NN
dank NN
je NN
Gert NN
Jan NN
Do VBP
n't RB
miss VB
our PRP$
Half NN
Way NN
to TO
St NN
. .
Patty NN
's POS
Day NNP
Party NNP
Tonight NN
! .
We PRP
're VBP
having VBG
crazy JJ
drink NN
Specials NN
too RB
.. NN
tex NN
980-333-3923 NN
to TO
get VB
on IN
the DT
guest NN
list NN
! .
Tidyin NN
my PRP$
room NN
. .
Need NN
to TO
do VBP
my PRP$
hair NN
. .
its PRP$
soo NN
nasty JJ
when WRB
its PRP$
naturally RB
curly NN
. .
Lingerie NN
football NN
league NN
come VB
on IN
tonight RB
RT NN
@FTFDband NN
NEW JJ
SONG NN
COMING NN
THIS NN
SUNDAY NN
! .
:D NN
... :
four CD
fucking NN
years NNS
I PRP
've VBP
been VBN
configuring NN
iBGP NN
and CC
eBGP NN
on IN
Cisco NN
AND CC
Juniper NN
routers NN
for IN
America NNP
's POS
largest JJS
wireless NN
ISP NN
... :
and CC
I PRP
get VB
a DT
612 NN
to TO
all DT
my PRP$
girls NN
in IN
london NN
or CC
travelling NN
up IN
tomorrow NN
i NN
love VB
and CC
miss VB
you PRP
wish VBP
i NN
could MD
be VB
there EX
! .
NEXT NN
YEAR NN
I PRP
WILL NN
! .
RT NN
@DonnieWahlberg NN
: :
Soldiers NN
... :
Familia NNP
... :
BH's... NN
NK NN
Fam NN
... :
Homies NN
... :
Etc NN
. .
Etc NN
. .
Etc NN
.... NN
I PRP
'm VBP
gonna NN
need VBP
some DT
company NN
next JJ
Friday NNP
in IN
NYC NN
... :
Day NNP
at IN
T NN
. .
epic NN
interview NN
and CC
photo NN
shoot VBP
with IN
Marie NN
Clair NN
. .
@OHEMMGEEZY NN
Yo NN
kids NNS
! .
Today NN
's POS
ACF NN
Friday NNP
Large JJ
Group NNP
is VBZ
at IN
PITT NN
University NNP
! .
It PRP
's POS
at IN
Cathedral NN
of IN
Learning NN
G24 NN
at IN
7pm NN
! .
Be NN
sure JJ
to TO
check NN
it PRP
out IN
! .
Rep NN
. .
Bono NN
Mack NNP
to TO
criticize NN
fellow NN
desert NN
dweller NN
Barbara NNP
Boxer NN
at IN
event NN
today NN
. .
http://tinyurl.com/2bhyuq7 NN
My PRP$
town NN
! .
RT NN
@Etsy NN
: :
This DT
week NN
's POS
Dinner NN
& CC
a DT
Video NN
: :
Take VB
a DT
visit NN
to TO
one CD
of IN
the DT
largest JJS
antique NN
shows VBZ
in IN
the DT
country NN
. .
http://etsy.me/9tTkop NN
Honored NN
Double NN
Diaomond NN
as IN
well RB
: :
Jan NN
Bloom NN
... :
her PRP$
two CD
beautiful JJ
daughters NNS
surprised VBN
her PRP$
on IN
stage NN
, ,
it PRP
was VBD
just RB
sooo NN
... :
http://fb.me/JLLhbDl0 NN
RT NN
@Luq_Combs NN
: :
Funniest NN
thing NN
I PRP
heard VBN
this DT
week NN
. .
Wingo NN
tellin NN
me PRP
and CC
wood NN
. .
" NN
I PRP
'm VBP
scared VBN
" NN
#pow#pow#pow@Cowboy_Wingo NN
College NNP
Student NN
- :
Trusty NN
House NNP
and CC
Pet NN
Sitter NN
( NN
Barefoot NN
Student) NN
: :
I PRP
'm VBP
a DT
22 CD
year NN
old JJ
first JJ
year NN
graduate NN
student NN
at IN
... :
http://bit.ly/cDYeqQ NN
Time NNP
Warner NNP
Cable NNP
Boycotting NN
Epix NN
Movie NN
Channel NN
Because IN
It PRP
Did VBD
A DT
Deal NNP
With IN
Netflix NN
http://dlvr.it/5RgcL NN
@GiaAllemand NN
soon RB
, ,
as IN
long JJ
as IN
@chrislambton13 NN
peels NN
himself PRP
away RB
from IN
the DT
duckies NN
, ,
and CC
get VB
on IN
his PRP$
way NN
. .
but CC
we PRP
want VBP
more JJR
pics NN
dont NN
we PRP
? .
@irishhooligan NN
or CC
the DT
best JJS
is VBZ
just RB
walking VBG
along IN
the DT
road NN
when WRB
a DT
clump NN
of IN
it PRP
just RB
appears VBZ
to TO
be VB
waiting VBG
in IN
front NN
of IN
you PRP
all DT
that IN
time NN
#icky NN
What WP
is VBZ
it PRP
with IN
people NNS
and CC
punctuality NN
? .
I PRP
used VBN
to TO
be VB
that IN
guy NN
and CC
honestly RB
, ,
it PRP
's POS
a DT
haze NN
now RB
. .
Just RB
be VB
on IN
time NN
. .
It PRP
's POS
not RB
like IN
its PRP$
a DT
surprise NN
. .
I PRP
liked VBD
a DT
YouTube NN
video NN
-- :
Family NNP
Guy NNP
- :
Songs NN
Named NN
After IN
a DT
Girl NN
http://youtu.be/ErPsx8zdnX4?a NN
@bookpage NN
We PRP
should MD
've VBP
scheduled VBN
a DT
meeting NN
with IN
Trisha NN
in IN
Paris NNP
for IN
this DT
week NN
... :
#deau NN
@jimmy722 NN
surgery NN
or CC
not RB
, ,
the DT
most RBS
important JJ
thing NN
is VBZ
that IN
'll MD
be VB
all DT
okay JJ
after IN
that IN
! .
I PRP
have VBP
a DT
test NN
tomorrow NN
, ,
im NN
going VBG
to TO
say VBP
" NN
the DT
shore VB
was VBD
on IN
, ,
and CC
preparation NN
took VBD
all DT
day NN
". NN
NCAAF NN
: :
Notre NNP
Dame NNP
at IN
Miami NNP
( NN
FL NN
) NN
- :
Dec NN
31 CD
, ,
2010 CD
- :
Photo NNP
Gallery NNP
...: NN
EL NN
PASO NN
, ,
TX NN
- :
DECEMBER NN
30 CD
: :
Running VBG
back RB
Cier NN
... :
http://bit.ly/f3YPEB NN
@Cuthouse_Hadi NN
when WRB
someone NN
is VBZ
talking VBG
shit NN
, ,
behind IN
your PRP$
back RB
. .
Just RB
found VBD
out IN
my PRP$
custom NN
@SteveCorino NN
shirt NN
wo MD
n't RB
arrive VB
in IN
time NN
for IN
next JJ
weekend NN
's POS
ROH NN
shows VBZ
. .
How WRB
am VBP
I PRP
gonna NN
rep NN
old JJ
school NN
now RB
? .
Photo NNP
: :
SHE NN
GETS NN
TIRED NN
AFTER NN
SEX NN
! .
http://tumblr.com/xsu17j0ynx NN
NCAAF NN
: :
Notre NNP
Dame NNP
at IN
Miami NNP
( NN
FL NN
) NN
- :
Dec NN
31 CD
, ,
2010 CD
- :
Photo NNP
Gallery NNP
...: NN
EL NN
PASO NN
, ,
TX NN
- :
DECEMBER NN
30 CD
: :
Running VBG
back RB
Cier NN
... :
http://bit.ly/f3YPEB NN
@YasminBaildon NN
do VBP
you PRP
think VBP
its PRP$
possible JJ
one CD
day NN
ill JJ
meet VB
you PRP
Cody NN
and CC
Alli NN
:D NN
&lt; NN
3dreaming NN
big JJ
&lt; NN
3 CD
!!! NN
So RB
I PRP
'm VBP
currently RB
looking VBG
at IN
about IN
5 NN
years NNS
and CC
3 CD
months NNS
if IN
I PRP
can MD
get VB
out IN
of IN
there EX
within IN
the DT
next JJ
month NN
. .
RT NN
@TeenDreaming NN
: :
Retweet NN
if IN
you PRP
're VBP
being VBG
distracted VBN
by IN
twitter NN
when WRB
you PRP
're VBP
supposed VBN
to TO
be VB
studying/doing NN
homework NN
! .
:p NN
Mortgage NN
Advice NN
&gt; NN
First NNP
time NN
home NN
buyer NN
with IN
several JJ
questions NNS
in IN
...: NN
My PRP$
wife NN
and CC
I PRP
are VBP
beginning VBG
to TO
look VB
at IN
re NN
... :
http://bit.ly/hgMKjS NN
@justinbieber NN
I PRP
have VBP
this DT
on IN
my PRP$
computer NN
, ,
it PRP
gives VBZ
me PRP
days NNS
, ,
hours NNS
, ,
mintues NN
__AND__ NN
seconds NNS
till IN
Feb NN
9th NN
! .
#purpleglasses NN
http://twitpic.com/3nouem NN
I PRP
just RB
earned VBD
the DT
' POS
New NNP
Brew NN
Thursday NNP
' POS
badge NN
on IN
@untappd NN
! .
http://untpd.it/Ubimqr NN
@michaelringer24 NN
yeah NN
when WRB
i NN
got VBD
caught VBN
up IN
a DT
year NN
ago RB
... :
you PRP
can MD
prolly NN
stay VB
with IN
us PRP
.. NN
im NN
stayin NN
with IN
lexis NN
on IN
the DT
pull VB
out IN
, ,
you PRP
cn NN
prolly NN
@The_Messiah113 NN
177 NN
people NNS
! .
: :
0 NN
lol NN
a DT
week NN
or CC
what WP
? .
@elbirth NN
haha NN
, ,
I PRP
want VBP
to TO
load NN
up IN
on IN
that IN
before IN
work NN
one CD
day NN
Paul NNP
McCartney NN
asks VBZ
Indian NNP
Prime NNP
Minister NNP
to TO
declare VB
national JJ
Vegetarian NN
Day NNP
- :
http://newzfor.me/?bv5q NN
@elizabethgrace7 NN
I PRP
'm VBP
leaving VBG
June NNP
21 CD
and CC
just RB
traveling NN
in IN
west NN
and CC
south RB
Europe NNP
. .
wait VB
what WP
was VBD
ur NN
question NN
:o NN
? .
why WRB
would MD
you PRP
tell VB
her PRP$
that IN
tho NN
when WRB
you PRP
really RB
dont NN
know VB
the DT
whole JJ
story NN
? .
@getjaykrazy NN
2011 NN
first JJ
time NN
home NN
buyer NN
incentives NNS
in IN
Temecula NN
CA NN
: :
2011 NN
First NNP
Time NNP
Home NNP
Buyer NN
Incentives NN
in IN
Temecula NN
CA NN
Incen NN
... :
http://bit.ly/hB3WWp NN
@yourjessica NN
'll MD
do VBP
it PRP
tomorrow NN
. .
Possibly NN
. .
Most JJS
likely JJ
. .
Hopefully NN
. .
Maybe RB
:) NN
@DottyDizzot NN
oh NN
nice JJ
, ,
im NN
sdill NN
at IN
work NN
=( NN
but CC
im NN
glad JJ
it PRP
's POS
Friday NNP
today NN
=) NN
Threesum NN
! .
This DT
is VBZ
the DT
time NN
! .
The DT
time NN
is VBZ
now RB
! .
LMFAO NN
:D NN
RT NN
@PeezySqueezy NN
: :
Stop VB
tweeting NN
about IN
jersey NN
shore VB
, ,
we PRP
know VB
its PRP$
tonight RB
, ,
but CC
its PRP$
just RB
another DT
that IN
shows VBZ
of IN
a DT
life NN
'll MD
never RB
... :
@justinbieber NN
omb NN
ily NN
hope NN
one CD
day NN
u NN
follow VB
me PRP
'll MD
cry VB
! .
jk NN
but CC
thats NN
not RB
all DT
'll MD
support NN
u NN
to TO
the DT
end NN
no DT
matter NN
what WP
ily NN
&lt; NN
3 CD
Mission NN
Friday NNP
: :
In IN
Progress NN
2 CD
Steps NN
Back RB
will MD
be VB
playing VBG
at IN
Ugly NN
Mug NN
Live NN
on IN
08 NN
Jan NN
: :
http://schmap.it/ntidVT NN
( NN
via IN
@THE_BertBerry NN
) NN
@deidrefunk NN
MTV NNP
IT PRP
TOMORROW NN
THATS NN
WHAT WP
IM NN
GON NN
' POS
DO NN
! .
IM NN
EXCITEDD NN
RT NN
@EpicTweets_ NN
: :
When WRB
you PRP
check NN
out IN
your PRP$
crush NN
's POS
FB NN
profile NN
alot NN
and CC
then RB
they PRP
do VBP
this DT
'' ''
Top NN
Followers/Fans NN
'' ''
thing NN
and CC
they PRP
expose VBP
you PRP
. .
... :
@Ice_calibr29 NN
'll MD
tryy~ NN
Hope NN
the DT
Sharks NN
will MD
try VB
tonight RB
, ,
I PRP
think VBP
they PRP
should MD
after IN
Clowe NN
called VBN
them PRP
out IN
on IN
it PRP
http://tl.gd/7vjue7 NN
@JaeChartaye NN
I PRP
got VBD
u NN
next JJ
week NN
@RheaFayeB NN
yaaaayyy NN
!!!!! NN
Same NN
to TO
you PRP
rhea NN
!!!!! NN
This DT
year NN
reeks NN
epic-ism NN
all DT
over IN
!!! NN
Be NN
sure JJ
to TO
ride NN
that IN
epic NN
wave NN
;) NN
With IN
record NN
low JJ
interest NN
rates NNS
, ,
2011 NN
is VBZ
proving VBG
to TO
be VB
a DT
great JJ
time NN
to TO
buy VB
real JJ
estate NN
in IN
the DT
lower JJR
mainland NN
. .
http://bit.ly/h4wiIs NN
RT NN
@purplekissessxo NN
: :
@EL_Swagga1 NN
i NN
miss VB
your PRP$
face NN
. .
i NN
was VBD
thinking VBG
the DT
other JJ
day NN
how WRB
excited VBN
you PRP
were VBD
when WRB
you PRP
first JJ
got VBD
pandora NN
.. NN
aww NN
lol NN
... :
just RB
went VBD
on IN
an DT
unfollowing NN
spree NN
... :
there EX
's POS
no DT
point NN
of IN
following VBG
you PRP
if IN
you PRP
have VBP
n't RB
tweeted NN
in IN
10+ NN
days NNS
. .
#justsaying NN
.. NN
going VBG
to TO
portland NN
in IN
t-minus NN
26 CD
days NNS
AUTUMN NN
COMES NN
SATURDAY NN
&lt; NN
3 CD
!!! NN
So RB
im NN
in IN
tha NN
chi NN
whts NN
popping VBG
tonight RB
? .
Nothing NN
like IN
getting VBG
no DT
sleep VBP
before IN
a DT
5 NN
hour NN
trip NN
.. NN
#wheee NN
Bestfriend NN
wanna NN
go VB
wit NN
me PRP
to TO
get VB
my PRP$
nails NN
did VBD
Saturday NNP
BE NN
IN IN
TEXAS NN
NEXT NN
WEEK NN
.......... NN
IM NN
TIRED NN
OF IN
THIS NN
DMV NN
COLD NN
........ NN
NHL NN
Betting NN
Picks NN
- :
Bruins NN
vs NN
Wild NNP
: :
Thursday NNP
night NN
is VBZ
reserved NN
for IN
hockey NN
as IN
we PRP
are VBP
taking VBG
a DT
good JJ
rest NN
from IN
the DT
... :
http://bit.ly/gw8oSb NN
I PRP
've VBP
been VBN
at IN
this DT
' POS
almost RB
done VBN
!' NN
stage NN
in IN
building NN
my PRP$
portfolio NN
for IN
over IN
a DT
month NN
now RB
but CC
I PRP
just RB
ca MD
n't RB
quite RB
finish VB
it PRP
. .
Sigh NN
. .
@AuntB NN
@rachel_w NN
@randomjeweler NN
To TO
further JJ
your PRP$
daily JJ
downer NN
, ,
he PRP
made VBN
Requiem NN
for IN
a DT
Dream NNP
when WRB
he PRP
was VBD
31 CD
. .
gonna NN
watch VB
500 CD
days NNS
of IN
summer NN
, ,
and CC
call VB
it PRP
a DT
night NN
:\ NN
@Greeneyed0807 NN
Heyyyyy NN
! .
When WRB
are VBP
you PRP
ever RB
coming VBG
back RB
. .
Ummm NN
can MD
you PRP
like IN
call VB
meee NN
, ,
@ahleach NN
me PRP
thinks VBZ
it PRP
was VBD
tedious NN
and CC
a DT
waste NN
of IN
time NN
and CC
money NN
- :
15 CD
mins NN
over IN
- :
what WP
was VBD
the DT
point NN
of IN
her PRP$
? .
I PRP
feel VB
like IN
a DT
trillion CD
bucks NN
! .
I PRP
feel VB
like IN
breaking VBG
a DT
record NN
tomorrow NN
... :
and CC
i NN
will MD
@hime8644 NN
LOL NN
theres NN
always RB
some DT
good JJ
vids NN
I PRP
didnt NN
see VB
before IN
like IN
this DT
one CD
XD NN
--- NN
&gt; NN
http://www.youtube.com/watch?v=8zJKZJ7TGlU NN
OMG NN
*DROOLS* NN
Has NN
been VBN
a DT
good JJ
week NN
so RB
far RB
:) NN
Immensely NN
entertained NN
by IN
dog NN
in IN
snow NN
! .
Is VBZ
there EX
an DT
At IN
Issue NN
panel NN
tonight RB
? .
RT NN
@bieberarmy NN
: :
@LilTwist NN
Yeah NN
if IN
I PRP
were VBD
you PRP
I'd NN
sleep VBP
with IN
one CD
eye NN
open JJ
... :
considering VBG
@justinbieber NN
slapped VBD
@itsryanbutler NN
when WRB
he PRP
was VBD
... :
@PhilHiPhy NN
when WRB
r NN
u NN
do VBP
for IN
an DT
upgrade VB
?: NN
P NN
RT NN
@SudsReport NN
: :
Scrubs NN
fans NNS
are VBP
on IN
fire NN
! .
Our PRP$
tvguide.ca/soaps NN
poll NN
is VBZ
fiery NN
tonight RB
. .
Do VBP
n't RB
f*ck NN
with IN
Scrubs NN
, ,
Liason NN
, ,
Carbo NN
, ,
Bope NN
, ,
Venice NN
... :
" NN
@DJDROC NN
: :
#beforeserato NN
djs NN
actually RB
used VBN
headphones NN
believe VBP
it PRP
or CC
not RB
" NN
--- NN
except IN
majestic NN
and CC
me PRP
when WRB
we PRP
were VBD
drunk NN
... :
haha NN
Sleep NN
. .
Tomorrow NN
is VBZ
Friday NNP
which WDT
is VBZ
good JJ
, ,
but CC
then RB
Saturday NNP
, ,
I PRP
have VBP
work NN
. .
Ugh NN
. .
I PRP
have VBP
basically RB
no DT
break VB
because IN
I PRP
am VBP
doing VBG
homework NN
sunday NN
. .
@Pantera77fembz NN
Gosh NN
! .
How WRB
long JJ
you PRP
handle VB
this DT
life NN
?? NN
@xmrksthespot4 NN
Okay UH
girl NN
, ,
you PRP
let VB
me PRP
know VB
when WRB
ur NN
havin NN
or CC
know VB
of IN
sumthing NN
Trey NN
themed- NN
Im NN
there EX
ok NN
Class NNP
, ,
intelligence NN
, ,
honesty NN
, ,
and CC
morals NN
are VBP
non NN
existent NN
these DT
days NNS
. .
@justinbieber NN
hey NN
its PRP$
my PRP$
birthday NN
which WDT
happens VBZ
1 CD
time NN
every DT
year NN
. .
wanna NN
actually RB
make VB
my PRP$
wish VBP
come VB
true JJ
and CC
follow VB
me PRP
TODAY NN
? .
( NN
: :
RT NN
@JupiterStorm NN
: :
1 CD
. .
6 CD
. .
2011 NN
. .
The DT
day NN
@owlcity NN
went VBD
on IN
an DT
Emporer NN
's POS
New NNP
Groove NN
rampage NN
through IN
twitter NN
. .
xD NN
good JJ
morning NN
tweeps NN
. .
have VBP
'll MD
a DT
fabulous NN
day NN
.... NN
I PRP
know VB
Deena NN
watched VBD
this DT
show VB
, ,
now RB
shes NN
trying VBG
to TO
get VB
with IN
Vinny NN
after IN
Snooki NN
been VBN
with IN
him PRP
? .
RT NN
@KyotoIS NN
: :
BEST NN
SATURDAY NN
PARTY NN
IN IN
KYOTO NN
! .
BUTTERFLY NN
SATURDAYS NN
@BUTTERFLYKYOTO NN
@DJLEADJP NN
@djshiotsu NN
@DJYMX NN
http://t.co/ifuwGCI NN
I PRP
typed VBN
an DT
essay NN
and CC
before IN
I PRP
saved VBN
it PRP
my PRP$
lap VBP
top JJ
froze NN
and CC
died VBD
. .
-___- NN
Excellent NN
dinner NN
@nostranapdx NN
, ,
now RB
home NN
and CC
drinking NN
pinot NN
and CC
watching VBG
an DT
Ahhhhnold NN
movie NN
. .
Some DT
days NNS
require VB
mixed VBN
messages NNS
. .
Cruisers NN
meet VB
at IN
Norfolk NNP
Mall NN
Swiss JJ
Chalet NN
; :
Sat NN
. .
Jan NN
. .
22 CD
, ,
4:30 CD
to TO
??. NN
Contact NN
Doug NN
for IN
more JJR
info NN
. .
http://www.cruisetillsonburg.com/ NN
@iians NN
Id NN
love VB
to TO
see VB
IDWT NN
live VB
from IN
CES NN
. .
And CC
one CD
day NN
I PRP
hope NN
to TO
go VB
to TO
ces NN
myself PRP
. .
when WRB
does VBZ
skins NNS
start VB
? .
@CELLY32 NN
I PRP
went VBD
to TO
kolb NN
for IN
a DT
week NN
lol NN
that IN
shit NN
was VBD
trash NN
lmao NN
RT NN
@PeepsMagoo NN
: :
Please VB
help VB
me PRP
save VB
Sunshine NNP
. .
She PRP
is VBZ
scheduled VBN
to TO
be VB
put VB
down RB
at IN
a DT
Camarillo NN
shelter NN
on IN
Jan NN
6 CD
http://fragurl.com/5P NN
RT NN
@JANKYJ818 NN
: :
Shout NN
out IN
2 CD
all DT
the DT
real JJ
women NNS
that IN
hold VB
they PRP
man NN
down RB
when WRB
he PRP
's POS
doin NN
what WP
he PRP
has VBZ
2 CD
do VBP
2 CD
make VB
it PRP
in IN
this DT
world NN
! .
RESPECT NN
T NN
... :
@Khunnie0624 NN
because IN
I PRP
have VBP
no DT
time NN
to TO
fan-girl NN
... :
I PRP
miss VB
you PRP
! .
:( NN
Hey NN
Pouliot NN
, ,
remember VBP
that IN
time NN
when WRB
Sid NN
and CC
Jack NNP
were VBD
both DT
drafted VBN
before IN
you PRP
and CC
you PRP
stared NN
at IN
your PRP$
acne NN
? .
good JJ
times NNS
. .
my PRP$
tl NN
is VBZ
full JJ
of IN
jersey NN
shore VB
. .
time NN
to TO
get VB
of IN
now RB
. .
Jersey NNP
Shore NN
is VBZ
overrated NN
. .
studying VBG
and CC
history NN
homework NN
then RB
a DT
fat JJ
night NN
of IN
sleep VBP
! .
lord NN
give VB
me PRP
a DT
snow NN
day NN
:) NN
@YoDayDay NN
Nope UH
! .
*lil NN
kid NN
voice* NN
im NN
being VBG
stingy NN
tonight RB
!! NN
*hmph* NN
its PRP$
barely RB
a DT
new JJ
year NN
and CC
i NN
feel VB
like IN
ive NN
already RB
stuffed NN
things NNS
up IN
! .
:( NN
@MANTOTHEDON NN
he PRP
and CC
Ally NN
Hilfiger NN
are VBP
now RB
working VBG
together RB
. .
The DT
film NN
's POS
releasing VBG
on IN
Feb NN
. .
4th NN
. .
It PRP
's POS
really RB
good JJ
. .
Eating NN
! .
After IN
18 CD
hours NNS
. .
RT NN
@savageNON NN
: :
yo NN
, ,
too RB
many JJ
kidz NN
be VB
gettin NN
high JJ
all DT
the DT
time NN
but CC
they PRP
ai NN
n't RB
showin NN
enough RB
SKILLS NN
. .
that IN
's POS
what WP
we PRP
call VB
fakin NN
the DT
funk NN
! .
st NN
... :
I PRP
have VBP
$7 NN
and CC
my PRP$
car NN
is VBZ
dead JJ
. .
Maybe RB
next JJ
month NN
? .
Weeeeee NN
! .
i NN
have VBP
to TO
say VBP
. .
bringing VBG
luna NN
to TO
work NN
makes VBZ
the DT
day NN
so RB
much JJ
more JJR
interesting JJ
. .
even RB
if IN
i NN
do VBP
have VBP
to TO
clean JJ
up IN
her PRP$
whoopsies NN
. .
#boredas NN
spent VBD
all DT
day NN
entering VBG
sweepstakes NN
... :
lets NN
hope NN
it PRP
works NNS
out IN
=D NN
sitting VBG
here RB
trying VBG
to TO
setup NN
googleTV NN
in IN
our PRP$
hotel NN
room NN
..... NN
after IN
finally RB
getting VBG
an DT
HDMI NN
plug NN
into IN
this DT
TV NN
pressed VBN
against IN
the DT
wall NN
... :
RT NN
@BieberMinnie NN
: :
It PRP
would MD
be VB
perfect JJ
if IN
girls NN
had VBD
mute VB
buttons NNS
, ,
guys NNS
had VBD
edit NN
buttons NNS
, ,
hard JJ
times NNS
had VBD
fast RB
forward RB
buttons NNS
, ,
__AND__ NN
good JJ
time NN
... :
@keridiculous NN
He PRP
may MD
need VBP
cure VB
named VBN
The DT
Rocky NNP
Horror NN
Picture NN
Show NN
; :
Find NN
that IN
movie NN
DVD NN
or CC
through IN
Youtube NN
and CC
show VB
him PRP
: :
Sweet NN
Transvestite NN
. .
RT NN
@HHASSELHOFF NN
: :
We PRP
live VB
life NN
like IN
caterpillars NN
awaiting VBG
for IN
that IN
one CD
day NN
where WRB
we PRP
become VB
butterflies NN
with IN
endless JJ
opportunities NNS
RT NN
@Cap_aus1980 NN
: :
If IN
I PRP
was VBD
a DT
whale NN
I'd NN
get VB
drunk NN
and CC
fuck NN
shit NN
up IN
all DT
the DT
time NN
.... NN
And CC
then RB
blame VB
it PRP
on IN
the DT
submarines NN
the DT
next JJ
morning NN
DAVID NN
MARIL NN
: :
Cut VB
some DT
TV NN
channels NNS
and CC
let VB
me PRP
buy VB
what WP
I PRP
watch VB
: :
My PRP$
question NN
is VBZ
why WRB
, ,
when WRB
we PRP
purchase NN
cable NN
and CC
sa NN
... :
http://bit.ly/fW3ByU NN
@brittanyyy_imk NN
aww NN
yeah NN
, ,
its PRP$
gonna NN
be VB
one CD
to TO
remember VBP
, ,
cause VB
the DT
next JJ
day NN
, ,
my PRP$
sis NN
is VBZ
getting VBG
married VBN
&lt; NN
3 CD
yours NN
is VBZ
marked VBD
special JJ
occassion NN
Going VBG
to TO
kill VB
myself PRP
today NN
. .
(@ NN
LA NNP
Fitness NN
w/ NN
4 CD
others NNS
) NN
http://4sq.com/ejqAQY NN
@christinamarks_ NN
u NN
try VB
to TO
be VB
like IN
April NNP
on IN
youtube NN
@Bunbun22 NN
Oh UH
, ,
no DT
, ,
I PRP
did VBD
it PRP
after IN
you PRP
tweeted NN
it PRP
. .
I PRP
think VBP
it PRP
's POS
kinda NN
sad JJ
. .
RT NN
@DroVictorious NN
: :
The DT
only RB
way NN
for IN
a DT
relationship NN
to TO
survive VB
is VBZ
when WRB
no DT
one CD
knows VBZ
about IN
it PRP
. .
@YvesSaintLinda NN
I PRP
have VBP
n't RB
had VBD
a DT
chance NN
to TO
go VB
for IN
a DT
good JJ
long JJ
shopping NN
spree NN
but CC
i NN
will MD
soon RB
. .
Everyone NN
stares NN
, ,
it PRP
's POS
so RB
creepy NN
! .
MALDIVES NN
http://t.co/UdssrZv NN
Years NN
of IN
hard JJ
work NN
are VBP
starting VBG
to TO
pay VB
off IN
with IN
the DT
team NN
winning VBG
. .
Next JJ
few JJ
years NNS
are VBP
critical JJ
to TO
development NN
. .
Consumer NN
Electronics NNP
Show NN
: :
Attendees NN
take VB
to TO
Twitter NN
on IN
opening NN
day NN
: :
If IN
we PRP
listened VBD
to TO
attendees NN
at IN
the DT
Consumer NN
... :
http://bit.ly/gy6Oqe NN
@amandamaryyy NN
that IN
's POS
no DT
good JJ
maybe RB
you PRP
got VBD
a DT
stomach VB
bug NN
, ,
atleast NN
when WRB
your PRP$
blanket NN
comes VBZ
out IN
the DT
dryer NN
it PRP
will MD
be VB
nice JJ
and CC
warm JJ
Lunch NN
@UniversityCup NN
before IN
1st NN
MKT NN
exam NN
@ IN
3:30 NN
.... NN
No DT
work NN
today NN
So RB
nice JJ
out IN
today NN
!!!! NN
:D NN
Ca MD
n't RB
wait VB
till IN
spring NN
! .
RT NN
@monsterrkev NN
: :
No DT
more JJR
Pink NN
Friday NNP
barbiez NN
!! NN
monsters NN
are VBP
taking VBG
over IN
. .
Welcome NNP
BORNTHISWAYFRIDAY NN
RT NN
@4MusicGossip NN
: :
Oh UH
, ,
and CC
do VBP
n't RB
forget VB
that IN
there EX
's POS
another DT
chance NN
to TO
see VB
@pink NN
: :
My PRP$
Story NNP
at IN
7pm NN
tonight RB
http://bit.ly/hLAnXp NN
Today NN
Internet NN
sucks NN
in IN
Campus NN
Village NNP
... :
(@ NN
Campus NN
Village NNP
) NN
http://4sq.com/epmWHV NN
@bakermattbaker NN
im NN
coming VBG
to TO
see VB
you PRP
on IN
wednesday NN
..... NN
will MD
you PRP
come VB
out IN
to TO
the DT
gates NNS
after IN
, ,
me PRP
and CC
my PRP$
mum NN
would MD
love VB
to TO
meet VB
you PRP
!!! NN
xxxxxxxx NN
Yikes NN
! .
RT NN
@mollyesque NN
: :
@cbellantoni NN
Yes UH
! .
I PRP
got VBD
a DT
" NN
fuck43 NN
" NN
bit NN
. .
ly NN
on IN
Friday NNP
-- :
veiled VBN
anti-Bush NN
message NN
? .
@firecore NN
http://twitpic.com/3xgdng NN
- :
sign NN
me PRP
up IN
, ,
just RB
did VBD
the DT
preorder NN
yesterday NN
! .
RT NN
@Isabelly011 NN
: :
i NN
like IN
my PRP$
tea NN
like IN
i NN
like IN
my PRP$
men NNS
. .
darker JJR
than IN
the DT
night NN
@neemantalel NN
@gregorsalto NN
this DT
thursday NN
@clubseven NN
: :
The DT
New NNP
African JJ
Soul NN
Event NN
! .
www.africaunsigned.com/asn NN
for IN
more JJR
info NN
and CC
tickets NNS
Please VB
join VB
us PRP
Wed NN
@ IN
7pm NN
in IN
the DT
CPR NN
for IN
Paul NNP
Levit'z NN
lecture VB
: :
" NN
75 CD
Years NN
of IN
DC NN
Comics NN
: :
Art NNP
of IN
Modern NN
Mythmaking NN
." NN
Still RB
smh NN
@ IN
last JJ
night NN
. .
Dointhemost NN
. .
com NN
bruise NN
on IN
my PRP$
facee NN
... :
wild JJ
night NN
! .
I PRP
need VBP
to TO
go VB
get VB
some DT
music NN
mixed VBN
down RB
today NN
PREACH NN
!! NN
RT NN
@DJRyan1der NN
: :
These DT
ppl NN
do VBP
n't RB
understand VB
its PRP$
Monday NNP
and CC
I PRP
'm VBP
not RB
in IN
da NN
mood NN
to TO
deal NN
wit NN
their PRP$
bullshit NN
!! NN
Fukk NN
outta NN
here RB
!!! NN
@SMFG800 NN
is VBZ
not RB
morning NN
anymore RB
=p NN
A DT
wet NN
and CC
cold JJ
Monday NNP
....: NN
High NNP
temperatures NNS
will MD
be VB
reached VBN
this DT
morning NN
, ,
in IN
the DT
low JJ
to TO
mid NN
40s NN
, ,
before IN
cooling NN
... :
http://bit.ly/fkdrr6 NN
I PRP
'm VBP
at IN
Roll NNP
And CC
Go VB
Quality NN
Kitchen NNP
( NN
8th NN
Ave NN
, ,
W NN
38th NN
St NN
, ,
New NNP
York NNP
) NN
http://4sq.com/e1rqnP NN
Foto NN
Feb NN
6 CD
: :
St NN
Luke NN
's POS
http://wp.me/pqLtw-lN NN
RT NN
@NaomiAKlein NN
: :
Today NN
's POS
NYT NN
story NN
on IN
@aljazeera NN
reads VBZ
like IN
the DT
reporter NN
just RB
discovered VBN
news NN
for IN
the DT
first JJ
time NN
Gates NN
: :
The DT
Sun NNP
Will MD
Rise NN
... :
This DT
reminds VBZ
me PRP
a DT
lot NN
of IN
Envy NN
and CC
CSTVT NN
but CC
w/o NN
the DT
hardcore NN
elements NNS
. .
Super NN
good JJ
and CC
free JJ
: :
http://bit.ly/e8PhEI NN
I PRP
'm VBP
at IN
Winn-Dixie NN
( NN
948 NN
SW NN
67th NN
Ave NN
, ,
SW NN
8th NN
St NN
., NN
Miami NNP
) NN
http://4sq.com/eA4NFI NN
THE DT
BONG NN
WENT VBD
5-O NN
LAST NN
NIGHT NN
papers NNS
not RB
included VBD
@FeverRomance NN
i NN
just RB
watched VBD
that IN
this DT
morning NN
xD NN
RT NN
@google NN
: :
On IN
Feb NN
10 CD
, ,
livestream NN
our PRP$
" NN
ThinkMobile NN
" NN
event NN
aimed VBN
at IN
helping VBG
businesses NNS
succeed VB
in IN
the DT
mobile JJ
era NN
http://goo.gl/xODvf NN
#oyster NN
fans NNS
get VB
ready JJ
4 CD
Tuesday NNP
dollar NN
oyster NN
night NN
! .
More RBR
varieties NNS
, ,
more JJR
fun NN
, ,
more JJR
Jeff NNP
. .
Think NN
outside IN
the DT
( NN
cont NN
) NN
http://tl.gd/8m0d6d NN
RT NN
@DowntownJackson NN
: :
Today NN
at IN
6 CD
p.m. NN
the DT
Mississippi NNP
Museum NNP
of IN
Art NNP
host NN
a DT
presentation NN
on IN
their PRP$
NEW JJ
Art NNP
Garden NNP
. .
Do VBP
n't RB
miss VB
out IN
! .
Taco| NN
P-Dogs NN
Cruise NNP
Night NNP
~ NN
South JJ
Gate NNP
: :
First NNP
event NN
coverage NN
of IN
the DT
new JJ
year NN
and CC
Candy NN
Coated NN
made VBN
it PRP
out IN
to TO
P-D NN
... :
http://bit.ly/gsSina NN
Today NN
is VBZ
a DT
new JJ
day NN
. .
I PRP
woke VBD
up IN
this DT
morning NN
from IN
an DT
amazing JJ
weekend NN
with IN
friends NNS
and CC
I PRP
feel VB
great JJ
:) NN
now RB
its PRP$
time NN
to TO
step NN
my PRP$
tweet NN
game NN
up IN
@OscarDoll24 NN
good JJ
morning NN
love VB
. .
i NN
miss VB
you PRP
. .
hope NN
you PRP
have VBP
a DT
beautiful JJ
day NN
. .
&lt; NN
# #
@rebexarama NN
I PRP
meant VBD
in IN
terms NNS
of IN
boringness NN
. .
It PRP
was VBD
actually RB
awesome NN
up IN
until IN
mid-December NNP
. .
@Flyboi_Pierre NN
cool VB
as IN
hell NN
and CC
go VB
crazy JJ
on IN
twitter NN
u NN
may MD
not RB
see VB
him PRP
out IN
much JJ
but CC
at IN
heart NN
he PRP
's POS
a DT
real JJ
partier NN
#BrightHistMonth NN
the DT
one CD
and CC
only RB
MARK NNP
MEISMER NN
is VBZ
teaching NN
TONIGHT NN
at IN
EDGe NN
at IN
830-1030 NN
! .
Come VB
twirlllllllllll NN
!!!!! NN
RT NN
!! NN
@ChrisMurrin NN
Thanks NNS
Chris NNP
. .
We PRP
are VBP
going VBG
to TO
Lucilles NN
for IN
Valentines NN
Day NNP
and CC
maybe RB
Famous NN
Daves NN
tonight RB
. .
@FoIManUK NN
our PRP$
#FOI NN
Jan NN
11 CD
tally NN
is VBZ
26% NN
of IN
2010 CD
total JJ
GooDNighT NN
ELFs NN
.. NN
i NN
have VBP
to TO
go VB
now RB
see VB
u NN
later RB
... :
bye NN
bye NN
... :
saranghae NN
... :
@siwon407 NN
tell VB
me PRP
HappY NN
BirthdaY NN
on IN
11\Feb NN
... :
ok NN
... :
please VB
^^ NN
LOVE NN
U NNP
So RB
April NNP
is VBZ
looking VBG
like IN
a DT
spectacular JJ
month NN
for IN
shows VBZ
. .
Spring NNP
Break NN
Your PRP$
Heart NNP
Tour NN
, ,
Dirty NN
Work NN
Tour NN
, ,
Gamechangers NN
Tour NN
, ,
and CC
now RB
FYS NN
! .
#yuss NN
Happy NN
birthday NN
to TO
my PRP$
not RB
so RB
little JJ
brother NN
@xHangmanx NN
!!! NN
He PRP
's POS
20 CD
today NN
! .
Holy NN
crap NN
, ,
20 CD
? .
Jeez NN
man NN
... :
Jus NN
Another DT
Monday NNP
Lettin NN
That DT
Work NN
Go VB
Today NN
I PRP
'm VBP
On IN
Cherry NNP
, ,
Bubble NN
__AND__ NN
Purple NNP
OMG NN
, ,
you PRP
guys NNS
are VBP
too RB
funny JJ
today NN
. .
I PRP
'm VBP
all DT
about IN
the DT
Unicorns NN
!!! NN
Have VB
a DT
great JJ
week NN
everyone NN
!! NN
RT NN
@RawyaRageh NN
: :
Protesters NN
hold VB
their PRP$
ground NN
for IN
the DT
14th JJ
day NN
in IN
Tahrir NN
Sq NN
. .
Ayman NN
Mohyeldin NN
free JJ
and CC
well RB
. .
#Egypt NN
#Jan25 NN
@Elinor_Althani NN
ahhhh NN
reading NN
, ,
still RB
i NN
did VBD
n't RB
finish VB
my PRP$
book NN
=( NN
i NN
have VBP
to TO
do VBP
it PRP
before IN
Feb NN
ends NNS
inshallah NN
:) NN
RT NN
@DIVINEDYNASTY NN
: :
RT NN
@PLAIN_JAMES NN
: :
http://twitpic.com/3t0eng NN
- :
#THEREDROOM NN
FRI NN
03.18 NN
. .
11 CD
CALI'S NN
BDAY NN
BASH NN
FOR IN
PISCES/ARIES NN
DAY NN
1 CD
( NN
cont NN
) NN
... :
Happy NN
Monday NNP
! .
How WRB
about IN
a DT
great JJ
improv NN
comedy NN
night NN
with IN
the DT
family NN
? .
http://nctphoenix.com/showtimes.html NN
NEW JJ
MUZIK NN
MONDAY NN
-- :
&gt; NN
http://mysong.fm/goodloving NN
@LNIC2 NN
Lil NN
Ronnie NNP
ft NN
@Jr_Patton NN
" NN
Good JJ
Love NN
" NN
Just RB
another DT
Monday NNP
........... NN
Coventry NN
Rugby NN
v NN
Barking NN
match VB
preview NN
__AND__ NN
results NNS
roundup NN
: :
This DT
Saturday NNP
12th NN
February NNP
at IN
the DT
BPA NN
, ,
kick VBP
off IN
3p NN
... :
http://bit.ly/fci92L NN
LISTEN NN
TO TO
Haunted NN
Hearts NN
TUNE NN
" NN
SISTER NN
LOVERS NN
TONIGHT NN
" NN
. .
GREAT NN
TUNE NN
ABOUT NN
LISTENING NN
TO TO
YOUR NN
FAVOURITE NN
RECORDS NN
... :
http://fb.me/UJ35aFnM NN
Have VB
you PRP
Entered NN
your PRP$
Valentine NNP
Photo NNP
in IN
our PRP$
Cutie NN
Patootie NN
Contest NN
? .
Winner NN
will MD
be VB
published VBN
in IN
our PRP$
March NNP
issue NN
... :
http://fb.me/U46NWcXP NN
Morning NN
kush NN
RT NN
@Kandi NN
: :
the DT
cast VB
of IN
Glee NN
doing VBG
" NN
Bills NN
, ,
Bills NN
, ,
Bills NN
" NN
last JJ
night NN
. .
heres NN
the DT
clip NN
http://www.youtube.com/watch?v=X_kWC4_aOdI__AND__feature=p NN
... :
Saw NN
Ip-Man NN
2 CD
at IN
the DT
Cinemark NN
in IN
Long JJ
Beach NNP
last JJ
night NN
. .
That DT
movie NN
was VBD
dope NN
!! NN
I PRP
love VB
goin NN
to TO
the DT
movies NNS
. .
RT NN
@JordanCenter NN
: :
LIL NN
WAYNE NN
/ NN
NICKI NN
MINAJ NN
- :
March NNP
30 CD
- :
SOLD NN
OUT.....'nuff NN
said VBD
. .
ok NN
so RB
, ,
can MD
someone NN
make VB
me PRP
Steelers NN
( NN
Happy NN
) NN
gifs NN
from IN
last JJ
night NN
during IN
the DT
game NN
? .
- :
I PRP
will MD
love VB
you PRP
forever RB
... :
http://tumblr.com/xny1gcptdg NN
Come VB
on IN
Monday NNP
- :
get VB
moving VBG
. .
okay JJ
okay JJ
, ,
'll MD
follow VB
EVERYONE NN
back RB
today NN
. .
:D NN
February NNP
is VBZ
Love NN
Your PRP$
Library NN
Month NN
. .
Take VB
a DT
moment NN
to TO
fill VB
out IN
a DT
heart NN
in IN
our PRP$
lobby NN
with IN
why WRB
you PRP
love VB
the DT
Niles NN
... :
http://fb.me/RxpYpimE NN
CA NN
murdered VBN
the DT
national JJ
anthem NN
last JJ
night NN
, ,
even RB
tho NN
she PRP
fucked NN
up IN
the DT
words NNS
, ,
she PRP
still RB
blessed NN
that IN
shit NN
. .
#realchop NN
I PRP
kept VBD
telling VBG
niggers NN
it'd NN
happen VB
. .
Come VB
Thursday NNP
im NN
inna NN
boardroom NN
full JJ
of IN
niggers NN
3times NN
my PRP$
age NN
. .
. .
. .
at IN
the DT
tender NN
age NN
of IN
17 CD
!! NN
Im NN
pleased VBN
. .
good JJ
afternoon NN
@alexkrumm NN
ohhh NN
, ,
atmosphere NN
might MD
have VBP
to TO
slip NN
into IN
there EX
, ,
also RB
. .
I PRP
might MD
be VB
hitting VBG
a DT
show VB
of IN
theirs PRP
end NN
of IN
February NNP
. .
good JJ
call VB
. .
Its PRP$
amazing JJ
how WRB
something NN
bad JJ
saved VBN
me PRP
today NN
. .
#grindmode NN
@magicsteacher NN
Anytime NN
penguin NN
, ,
you PRP
know VB
we PRP
aquarians NN
are VBP
the DT
best JJS
read VB
http://www.astrology.com/aquarius-sun-sign-zodiac-signs/2-d-d-66917 NN
I PRP
can MD
count VB
my PRP$
reasons NNS
to TO
get VB
out IN
of IN
bed NN
each DT
morning NN
on IN
one CD
hand NN
. .
No DT
School NNP
today NN
. .
HELL NN
YEAH NN
http://tumblr.com/xt21gcptqr NN
let VB
me PRP
use NN
you PRP
up IN
tonight RB
#meteopau NN
give VB
me PRP
your PRP$
your PRP$
your PRP$
young JJ
minddddddd NN
RT NN
@CHINOXL NN
: :
Today NN
is VBZ
my PRP$
main JJ
goonie NN
@bobbyboutit NN
birthday NN
#teamchino NN
ca MD
n't RB
move NN
without IN
him PRP
, ,
please VB
send VB
him PRP
some DT
shouts NN
!! NN
While IN
he PRP
's POS
... :
HBCU NN
's POS
should MD
have VBP
a DT
free JJ
JORDAN NN
shoe NN
lottery NN
every DT
Tuesday NNP
but CC
only RB
at IN
7pm NN
. .
Ninjas NN
would MD
skip VB
class NN
for IN
this DT
shit NN
EventsandHolidays NN
with IN
" NN
cute NN
easter NN
egg NN
color NN
shower NN
Easter NN
cards NNS
", NN
Zazzle NN
's POS
Best NN
Today NN
. .
http://bit.ly/ebZzGT NN
still RB
fly VB
from IN
yesterday NN
.... NN
same JJ
clothes NNS
from IN
yesterday NN
... :
lmao NN
RT NN
@iloveheartstoo NN
: :
Please VB
follow VB
me PRP
and CC
RT NN
for IN
a DT
chance NN
to TO
win VB
. .
Ends NN
Tue NN
8 CD
Feb NN
8pm NN
x NN
http://ilovehearts.bigcartel.com/product/love-hear NN
... :
RT NN
@MiracoleBurns NN
: :
Tonight NN
( NN
2/7 NN
) NN
is VBZ
Drink NN
__AND__ NN
Draw NN
@ IN
the DT
Mellow NN
Mushroom NN
in IN
Decatur NNP
@8pm NN
. .
It PRP
's POS
our PRP$
first JJ
time NN
back RB
in IN
3 CD
months NNS
! .
Come VB
out IN
, ,
... :
@SteveTheBaron NN
lol NN
r NN
we PRP
talking VBG
about IN
roasts NN
again RB
u NN
never RB
turn VB
up IN
for IN
the DT
last JJ
one CD
i NN
cooked VBN
u NN
u NN
said VBD
stay VB
up IN
all DT
night NN
and CC
wimped NN
out IN
lol NN
I PRP
sold VBN
an DT
image NN
today NN
through IN
@shutterstock NN
! .
My PRP$
gallery NN
is VBZ
here RB
: :
http://tinyurl.com/yek3sya NN
( NN
Community NNP
) NN
New NNP
book NN
blogger NN
@GennaSarnak NN
launches NNS
weekly JJ
feature NN
, ,
Poetry NN
Sunday NNP
: :
http://tinyurl.com/47vbdy5 NN
#Books NN
#Poetry NN
I PRP
hate VBP
Sun NNP
Cleaners NN
, ,
they PRP
hemmed NN
my PRP$
pants NNS
too RB
short JJ
. .
#dammit NN
RT NN
@djlogansama NN
: :
Tonight NN
on IN
the DT
show VB
: :
JUST NN
LANDED NN
BACK NN
FROM NN
JAMAICA NN
Badness NN
in IN
the DT
studio NN
spinning VBG
2 CD
exclusive JJ
new JJ
tunes NN
@maofootball NN
Something NN
that IN
needs VBZ
fixed VBN
more JJR
than IN
anything NN
- :
MLS NN
Cup NNP
loser NN
berth NN
should MD
be VB
given VBN
to TO
2nd NN
in IN
table NN
. .
If IN
MLS NN
wants VBZ
to TO
win VB
it PRP
. .
@KCLalumni NN
I PRP
may MD
not RB
have VBP
got VBD
a DT
job NN
yet RB
but CC
have VBP
had VBD
interviews NNS
__AND__ NN
lots NNS
of IN
advice NN
from IN
them PRP
really RB
helpful JJ
@boboroshi NN
yep NN
. .
( NN
Glad NN
you PRP
saw VBD
that IN
, ,
btw NN
; :
it PRP
reminded VBD
me PRP
of IN
your PRP$
rule NN
of IN
thumb NN
that IN
I PRP
retweeted NN
yesterday NN
. .
) NN
RT NN
@djjeffdaniels NN
: :
This DT
Friday NNP
@ IN
Fishbowl NN
- :
Fri NN
11th JJ
Feb NN
- :
Drink NN
in IN
Brighton NN
- :
pubs NNS
, ,
bars NN
, ,
clubs NNS
, ,
venues NN
and CC
event NN
listings NNS
http://t.co/ NN
... :
Is VBZ
thinking VBG
about IN
doing VBG
maybe RB
an DT
open JJ
mic NN
night NN
stand VBP
up IN
comedy NN
@OrionCards NN
there EX
will MD
be VB
, ,
just RB
need VBP
to TO
sort NN
it PRP
out IN
really RB
! .
already RB
got VBD
my PRP$
place NN
for IN
2nd NN
year NN
RT NN
@natives NN
: :
You PRP
may MD
have VBP
forgotten VBN
Kenneth NNP
Cole NN
's POS
unfunny NN
Egypt NN
tweet NN
already RB
: :
these DT
Seven CD
Stages NN
of IN
Social NNP
Media NN
Sin NN
move NN
fast RB
http:// NN
... :
Great NNP
#COACHING NN
- :
Mike NNP
McCarthy NNP
had VBD
Green NNP
Bay NNP
Packers NN
fitted NN
for IN
rings NNS
Saturday NNP
- :
Benefits NN
of IN
a DT
Great NNP
#Coach NN
80 CD
degrees NNS
in IN
SF NNP
yesterday NN
, ,
sorry JJ
east NN
coasters NN
! .
@DIYSara NN
maybe RB
your PRP$
leftovers NN
:) NN
we PRP
were VBD
covered VBN
in IN
ice NN
all DT
day NN
Friday NNP
, ,
no DT
power NN
most RBS
of IN
the DT
day NN
and CC
all DT
gone VBN
by IN
Sat NN
. .
evening NN
RT NN
@JasonKingYahoo NN
: :
Eventful NN
morning NN
for IN
Oklahoma NNP
State NN
's POS
Darrell NN
Williams NNP
. .
Won NNP
Big JJ
12 CD
Rookie NN
of IN
the DT
Week NN
Award NN
- :
and CC
got VBD
charged VBN
with IN
f NN
... :
RT NN
@NathanTheWanted NN
: :
Night NNP
people NNS
!!! NN
Off NN
2 CD
bed NN
.... NN
Again RB
..... NN
hello NN
and CC
good JJ
evening NN
....... NN
hope NN
you PRP
all DT
had VBD
a DT
fab NN
day NN
. .
Ive NN
been VBN
to TO
the DT
gym NN
with IN
@lazer558 NN
and CC
had VBD
a DT
friend NN
round NN
. .
RT NN
@jasonmunday NN
: :
Yay NN
for IN
video NN
schedules NNS
! .
New NNP
music NN
video NN
again RB
today NN
. .
http://youtu.be/pnhXhR07s14 NN
#MundayMonday NN
Pastimedesigns NN
with IN
" NN
Prairie NN
Wildflower NN
Greeting NN
Card NN
", NN
Zazzle NN
's POS
Best NN
Today NN
. .
http://bit.ly/hridq0 NN
RT NN
@TheLiverpoolMal NN
: :
Retweet NN
when WRB
your PRP$
heart NN
skip VB
a DT
beat VB
for IN
a DT
nights NNS
stay VB
with IN
your PRP$
loved VBD
one CD
on IN
the DT
14th JJ
Feb NN
with IN
breakfast NN
. .
Rates NNS
fro NN
... :
@nfldraftdog NN
He PRP
definitely RB
will MD
as IN
long JJ
as IN
he PRP
checks NNS
out IN
medically NN
. .
I PRP
think VBP
he PRP
could MD
go VB
as IN
high JJ
as IN
the DT
2nd NN
or CC
3rd NN
round NN
. .
the DT
weather NN
is VBZ
KINDA NN
nice JJ
outside IN
today NN
Hell NN
yes UH
! .
RT NN
@GeeSPOT_ NN
: :
does VBZ
a DT
new JJ
ep NN
of IN
#BGC NN
come VB
on IN
tonight RB
? .
RT NN
@benisweird NN
: :
#FF NN
Once RB
upon IN
a DT
time NN
@FredasaurusRex NN
opened VBD
his PRP$
mouth NN
and CC
the DT
wind NN
changed VBN
direction NN
. .
Now RB
he PRP
's POS
stuck VBN
like IN
that IN
. .
I PRP
find VB
h NN
... :
second JJ
day NN
of IN
orientation NN
at IN
old JJ
navy NN
today NN
and CC
then RB
going VBG
to TO
f__AND__e NN
to TO
do VBP
an DT
overnight JJ
. .
hooray NN
for IN
me PRP
! .
RT NN
@thefutoncritic NN
: :
Exclusive NN
: :
FOX NN
to TO
give VB
" NN
The DT
Good JJ
Guys NN
" NN
Saturday NNP
late-night JJ
slot NN
; :
" NN
Running VBG
Wilde NN
" NN
one-hour JJ
winter NN
finale NN
December NNP
28 CD
... :
@markschlereth NN
offensive NN
player NN
of IN
year NN
so RB
far RB
, ,
but CC
NOT NN
the DT
most RBS
valuable JJ
player NN
, ,
when WRB
he PRP
was VBD
hurt VBN
, ,
they PRP
were VBD
still RB
good JJ
People NNS
who WP
tweet NN
to TO
follow VB
@GuyGirlTweets NN
will MD
get VB
huge JJ
shout NN
outs NN
from IN
me PRP
:) NN
Just RB
tell VB
me PRP
when WRB
you PRP
do VBP
! .
RT NN
@shaunproulx NN
: :
Encore NN
! .
@bifnaked NN
for IN
the DT
whole JJ
@ShaunProulxShow NN
tonight RB
! .
Intimate NN
convo NN
with IN
the DT
rock NN
star NN
/ NN
cancer NN
survivor NN
- :
10:30 NN
E NN
... :
@yoopergirl89 NN
Yeah NN
it PRP
was VBD
a DT
long JJ
week NN
here RB
too RB
. .
Luckily NN
for IN
me PRP
next JJ
is VBZ
only RB
Monday NNP
__AND__ NN
Tuesday NNP
week NN
. .
I PRP
wish VBP
that IN
you PRP
are VBP
here RB
with IN
me PRP
, ,
but CC
we PRP
're VBP
stuck VBN
where WRB
we PRP
are VBP
. .
It PRP
's POS
so RB
hard JJ
, ,
you PRP
're VBP
so RB
far RB
.. NN
This DT
long JJ
distance NN
is VBZ
killing VBG
me PRP
. .
@abbi5895 NN
Bacon NN
swishers NN
!! NN
RT NN
londonland NN
: :
They PRP
put VB
bacon NN
on IN
everything NN
these DT
days NNS
... :
Bacon NN
cereal NN
is VBZ
up IN
next JJ
http://hjv.dw.tc/Q0t2R NN
@keancipriano NN
hey NN
:) NN
where WRB
exactly RB
is VBZ
your PRP$
gig NN
tonight RB
? .
:) NN
Ooof NN
! .
FB NN
status NN
" NN
Help VB
! .
I PRP
have VBP
to TO
clean JJ
60 CD
lbs NN
of IN
chitlins NN
tonight RB
!" NN
*Barf* NN
Wesley NN
Snipes NN
is VBZ
going VBG
to TO
jail NN
. .
For IN
3 CD
years NNS
26 CD
! .
- :
http://newzfor.me/?aqk7 NN
[ NN
Like IN
it PRP
? .
http://bit.ly/ccWJrQ NN
] NN
so RB
far RB
this DT
week NN
ive NN
realised NN
what WP
i NN
believe VBP
, ,
picked VBD
up IN
my PRP$
guitar NN
, ,
started VBD
writing VBG
and CC
sketching NN
again RB
... :
things NNS
are VBP
beginning VBG
to TO
look VB
up IN
Annoying NN
: :
when WRB
my PRP$
boss NN
complains VBZ
people NNS
do VBP
n't RB
respond VB
to TO
emails NN
ASAP NN
&lt; NN
yet RB
I PRP
always RB
do VBP
, ,
yet RB
she PRP
never RB
responds VBZ
to TO
me PRP
ASAP NN
! .
i NN
just RB
gave VBD
my PRP$
momma NN
some DT
money NN
4 CD
a DT
bill NN
.... NN
she PRP
smiled VBD
when WRB
i NN
put VB
it PRP
n NN
her PRP$
hand NN
__AND__ NN
said VBD
" NN
i NN
wanna NN
go VB
out IN
to TO
eat VB
"... NN
-______- NN
HELLA NN
SCAN NN
I PRP
'm VBP
donning NN
my PRP$
Santa NNP
hat NN
!: NN
It PRP
's POS
November NNP
and CC
almost RB
Thanksgiving NNP
... :
so RB
you PRP
know VB
what WP
that IN
means VBZ
, ,
right NN
? .
Mum NN
and CC
I PRP
... :
http://bit.ly/9uTYHJ NN
when WRB
i NN
compliment NN
her PRP$
she PRP
wo MD
n't RB
believe VBP
mee NN
&lt; NN
3 CD
Jopulse NN
: :
Get VB
This DT
Little JJ
Secret NN
When WRB
to TO
Avail NN
For IN
Mortgage NN
http://bit.ly/9yTa3x NN
@sweet_clockwork NN
lmao NN
! .
okay JJ
then RB
:o NN
) NN
im NN
baking NN
it PRP
tonight RB
, ,
so RB
'll MD
hit VBD
you PRP
up IN
tomorrow NN
and CC
see VB
about IN
getting VBG
you PRP
some DT
yummies NN
!! NN
&lt; NN
3 CD
buy VB
it PRP
when WRB
it PRP
comes VBZ
out IN
. .
o_O NN
RT NN
@ReginaPearl NN
yo NN
is VBZ
there EX
another DT
way NN
to TO
listen VB
to TO
nicki NN
album NN
beside NN
fb NN
? .
Gen NN
pen NN
n NN
inc NN
orr NN
ball NN
at IN
own JJ
46 CD
orr NN
comp NN
long JJ
pass VB
to TO
end NN
half NN
9-6 NN
Watching VBG
a DT
detective NN
show VB
, ,
Monk NN
. .
They PRP
go VB
to TO
a DT
commercial JJ
right NN
when WRB
the DT
house NN
blows NN
up IN
, ,
of IN
course NN
. .
_ NN
. .
Monsters NN
, ,
tweet NN
@defpenradio NN
and CC
ask VB
them PRP
when WRB
they PRP
will MD
reveal VB
new JJ
info NN
about IN
#BornThisWay NN
! .
Every DT
year NN
, ,
i NN
realize VBP
how WRB
lame NN
i NN
was VBD
last JJ
year NN
. .
Cowboys NNPS
vs NN
. .
Lions NN
: :
The DT
Jason NN
Garrett NN
era NN
got VBD
off IN
to TO
a DT
good JJ
start VB
last JJ
week NN
. .
Now RB
the DT
Cowboys NNPS
will MD
try VB
to TO
snap NN
a DT
f NN
... :
http://bit.ly/bSS914 NN
you PRP
reach VB
your PRP$
hand NN
in IN
fire NN
... :
you PRP
pull VB
it PRP
back RB
when WRB
you PRP
get VB
hurt VBN
... :
RT NN
@ulfaaaaaa NN
: :
RT NN
@JustBecausee NN
: :
#Justbecause NN
I PRP
can MD
help VB
you PRP
, ,
does VBZ
n't RB
mean VB
I PRP
will MD
- :
all DT
the DT
time NN
. .
@vinceviloria NN
word NN
. .
no DT
way NN
I PRP
was VBD
gonna NN
trust NN
drivers NNS
to TO
not RB
kill VB
me PRP
on IN
my PRP$
bike NN
today NN
. .
esp NN
, ,
after IN
getting VBG
run VB
off IN
the DT
road NN
yesterday NN
. .
time NN
to TO
help VB
our PRP$
fellow NN
BELIEBER NN
shoutout NN
for IN
@rchristelyn.....@rchristeyn....@rchristelyn...she NN
's POS
one CD
of IN
my PRP$
bestfriends NN
on IN
our PRP$
school NN
Thinking NN
towels NNS
, ,
white JJ
Russians NN
__AND__ NN
the DT
big JJ
lebowski NN
is VBZ
in IN
order NN
tonight RB
. .
Wish VB
we PRP
could MD
bring VB
the DT
bubble NN
bath NN
in IN
the DT
living VBG
room NN
. .
;) NN
#marmaset NN
Polling NN
ends NNS
in IN
Bihar NN
today NN
, ,
counting VBG
on IN
November NNP
24 CD
http://toi.in/ujtwya NN
RT NN
@jaiwil NN
: :
Friday NNP
feels VBZ
like IN
Saturday NNP
, ,
lots NNS
of IN
action NN
!!!! NN
@yeastieboys NN
that IN
's POS
terrible JJ
. .
I PRP
ca MD
n't RB
believe VBP
its PRP$
been VBN
going VBG
on IN
so RB
long JJ
. .
My PRP$
parents NNS
are VBP
in IN
Ashvegas NN
but CC
I PRP
dont NN
think VBP
it PRP
's POS
as IN
bad JJ
down RB
there EX
. .
@chas_barbie NN
wyd NN
tonite NN
@VeexCeexDee NN
same JJ
shit NN
different JJ
day NN
What WP
good JJ
on IN
ur NN
side NN
? .
Dallas NNP
Cowboys NNPS
News NNS
: :
Cowboys NNPS
vs NN
. .
Lions NN
: :
The DT
Jason NN
Garrett NN
era NN
got VBD
off IN
to TO
a DT
good JJ
start VB
last JJ
week NN
. .
Now RB
th NN
... :
http://bit.ly/amHf2G NN
#Cowboys NN
it PRP
was VBD
half NN
past JJ
8 CD
when WRB
the DT
drugs NNS
began VBD
to TO
take VB
hold VB
.... NN
Oh UH
jeez NN
, ,
you PRP
hear VB
about IN
Colt NN
Brennan NN
's POS
serious JJ
car NN
accident NN
? .
I PRP
remember VBP
being VBG
in IN
Hawaii NNP
a DT
few JJ
years NNS
back RB
when WRB
Hawaii NNP
's POS
coach NN
nearly RB
died VBD
too RB
Take VB
my PRP$
hand NN
, ,
'll MD
fly VB
to TO
the DT
sky NN
. .
Close NN
your PRP$
eyes NNS
, ,
I PRP
'm VBP
at IN
your PRP$
side NN
. .
Tomorrow NN
's POS
gonna NN
be VB
just RB
fine JJ
. .
@Redilocks NN
ya NN
know....he NN
's POS
gonna NN
be VB
there EX
Saturday NNP
. .
I PRP
could MD
just RB
drive VB
down RB
on IN
Saturday NNP
..... NN
crash NN
in IN
ya'lls NN
room NN
! .
RT NN
@KassHussain NN
: :
RT NN
@newsycombinator NN
: :
Signups NN
increased VBN
by IN
60% NN
after IN
actually RB
removing VBG
the DT
signup NN
form NN
http://j.mp/a3R3U1 NN
@carlosdomingos NN
@YnYrTheOne NN
what WP
time NN
is VBZ
it PRP
over IN
there EX
? .
RT NN
@thefutoncritic NN
: :
Exclusive NN
: :
FOX NN
to TO
give VB
" NN
The DT
Good JJ
Guys NN
" NN
Saturday NNP
late-night JJ
slot NN
; :
" NN
Running VBG
Wilde NN
" NN
one-hour JJ
winter NN
finale NN
December NNP
28 CD
... :
casual NN
picture NN
with IN
Leah NN
Mason NNP
outside IN
the DT
Apollo NNP
tonight RB
.. NN
cheeky NN
. .
WIN NN
a DT
GROOVY NN
GIRLS NN
PRINCESS NN
SERAPHINA NN
Doll NN
@BabyStorePlus NN
Giveaway NN
a DT
Week NN
til NN
Christmas NNP
Event NN
http://goo.gl/fb/X7T4s NN
( NN
12/13 NN
) NN
@msloaf NN
Though IN
I PRP
do VBP
agree VBP
that IN
it PRP
is VBZ
offensive NN
and CC
would MD
be VB
difficult JJ
to TO
explain VB
. .
When WRB
this DT
stuff NN
happens VBZ
to TO
me PRP
I PRP
want VBP
to TO
yell NN
, ,
" NN
URDUMB NN
!" NN
@paulskemp NN
Sorry NN
to TO
hear VB
! .
:( NN
I PRP
had VBD
a DT
dog NN
for IN
14 CD
years NNS
and CC
it PRP
was VBD
really RB
tough JJ
to TO
lose VB
him PRP
. .
Tough NN
to TO
lose VB
my PRP$
second JJ
one CD
too RB
. .
@ExOtiCly_ErOtiC NN
let VB
me PRP
know VB
. .
is VBZ
it PRP
goin NN
off IN
at IN
liquids NNS
tomorrow NN
i NN
might MD
go VB
??? NN
RT NN
@justinbieber NN
: :
ATLANTIC NN
CITY NN
SHOW NN
TOMORROW NN
!!! NN
RT NN
@IDS_BroncoBeat NN
: :
Boise NN
State NN
wearing VBG
orange JJ
pants NNS
, ,
orange JJ
jerseys NN
, ,
usual JJ
blue JJ
helmets NN
tonight RB
. .
Orange NNP
jerseys NN
match VB
their PRP$
regular JJ
blu NN
... :
St NN
Louis NNP
: :
APR NN
Chocolate NN
Toy NN
Poodle NNP
Pups NN
- :
$300 NN
( NN
Liberty NN
) NN
http://bit.ly/bHftHD NN
#eBC NN
#Pets NN
'll MD
be VB
wearing VBG
my PRP$
Dr NN
. .
J NN
#6 NN
jersey NN
. .
Old NNP
school NN
. .
RT NN
@laurenreale NN
" NN
hmmm NN
... :
im NN
gonna NN
wear VB
my PRP$
@Sixers NN
jersey NN
tonight RB
...... NN
http://tl.gd/72egjj NN
RT NN
@taaeamo NN
Friggg NN
how WRB
long JJ
is VBZ
flow NN
93.5 NN
gonna NN
be VB
new JJ
? .
Awesome NN
performance NN
by IN
The DT
Wanted NN
tonight RB
... :
HA NN
! .
@wl_wl_wl NN
@I_am_Ben_D NN
oh NN
yeah NN
today NN
was/is NN
a DT
GREAT NN
day NN
!!!! NN
@dayis017 NN
@sebastianribo NN
NO NN
Saints NN
R NN
. .
Buch NN
might MD
come VB
back RB
n NN
play VB
vs NN
Seahawks NN
on IN
Sunday NNP
?? NN
Kfc NN
! .
my PRP$
mom NN
wuz NN
pushy JJ
in IN
there EX
, ,
damn JJ
~December*18th~ NN
@MrPregameShawty NN
Lol NN
i NN
be VB
trippin NN
when WRB
i NN
get VB
bored NN
! .
I PRP
do VBP
hope NN
we PRP
beat VB
the DT
wanderers NN
tomorrow NN
#coys NN
Fabulous NNP
day NN
on IN
the DT
Surf NN
Coast NNP
http://twitpic.com/38c0c6 NN
yayi NN
dont NN
think VBP
today NN
can MD
get VB
any DT
better JJR
@planetjedward NN
and CC
@thewantedmusic NN
on IN
my PRP$
tv NN
:) NN
aka NN
derek NN
[ NN
Like IN
it PRP
? .
http://bit.ly/9U3nrK NN
] NN
Saying NN
" NN
I PRP
'm VBP
having VBG
a DT
bad JJ
hair NN
day NN
" NN
is VBZ
a DT
huge JJ
understatement NN
today NN
... :
I PRP
do VBP
n't RB
know VB
if IN
my PRP$
hair NN
has VBZ
EVER NN
looked VBN
this DT
disheveled NN
! .
The DT
inevitability NN
of IN
ambivalence NN
-- :
on IN
my PRP$
blog NN
, ,
After IN
Psychotherapy NN
. .
http://tiny.ly/isQV NN
Tonight NN
's POS
episode NN
of IN
Sym-Bionic NN
Titan NN
was VBD
ADORABLE NN
... :
WHY NN
IS VBZ
TODAY NN
SO NN
SLOW NN
?! NN
O NN
. .
o NN
omfg NN
there EX
was VBD
a DT
pigeon NN
and CC
cockatoo NN
on IN
my PRP$
bathroom NN
window NN
sill NN
outside IN
and CC
it PRP
scared VBN
me PRP
when WRB
i NN
showered NN
=( NN
( NN
Sorry NN
but CC
if IN
my PRP$
baby NN
is VBZ
gonna NN
sound NN
that IN
silly JJ
when WRB
reading NN
at IN
age NN
3 CD
then RB
'll MD
take VB
my PRP$
chances NNS
__AND__ NN
wait VB
till IN
they PRP
're VBP
6 CD
. .
#yourbabycanread NN
@_liinds NN
yehhh NN
! .
i NN
thinkk NN
i NN
got VBD
it PRP
( NN
: :
the DT
guy NN
told VBD
me PRP
'll MD
call VB
me PRP
when WRB
he PRP
gets VBZ
my PRP$
application NN
to TO
the DT
person NN
! .
its PRP$
the DT
one CD
in IN
herold NN
square NN
! .
Got VBD
the DT
stuff NN
to TO
make VB
egg NN
rolls NN
for IN
work NN
monday NN
@Royalsbf NN
Steve NNP
... :
hello NN
, ,
how WRB
are VBP
you PRP
? .
All DT
the DT
gals NN
are VBP
here RB
tonight RB
#eritrea NN
Top NN
amateurs NNS
in IN
North NNP
Rift NN
for IN
Manchester NN
Salver NN
: :
After IN
failing VBG
to TO
recapture NN
the DT
East NNP
Africa NNP
Chal NN
... :
http://bit.ly/9HIJAp NN
#news NN
@UrbanDecay411 NN
so RB
stoked NN
got VBD
some DT
lip NN
junkie NN
in IN
heavy JJ
__AND__ NN
am VBP
picking VBG
my PRP$
book NN
of IN
shadows NN
II NNP
tomorrow NN
! .
So RB
stoked NN
! .
:D NN
@InuBoA_Kwon NN
i NN
told VBD
her PRP$
you PRP
r NN
very RB
lucky JJ
to TO
know VB
me PRP
in IN
past JJ
year NN
ago RB
. .
i NN
had VBD
1 CD
mention VB
from IN
my PRP$
fans NNS
she PRP
said VBD
i NN
same JJ
characters NN
as IN
@BoA_1105 NN
RT NN
@cstatus NN
: :
pet NN
peeve NN
when WRB
niggas NN
do VBP
n't RB
tag NN
albums NN
right NN
... :
lowercase NN
track NN
names NNS
and CC
shit NN
@WriteRCastle NN
So RB
, ,
when WRB
do VBP
you PRP
start VB
the DT
next JJ
book NN
? .
Surely RB
you PRP
want VBP
another DT
bestseller NN
next JJ
year NN
! .
Next JJ
time NN
: :
cocktails NN
. .
Yes UH
. .
Need NN
to TO
get VB
tolerance NN
up IN
again RB
. .
I PRP
have VBP
none NN
. .
( NN
hills NNS
- :
on IN
own JJ
- :
tomorrow NN
... :
'll MD
be VB
interesting JJ
. .
) NN
I PRP
hate VBP
when WRB
people NNS
do VBP
shit NN
like IN
that IN
2 CD
days NNS
til NN
#houseofmirrors NN
#houseofmirrors NN
#houseofmirrors NN
#houseofmirrors NN
#houseofmirrors NN
#houseofmirrors NN
#houseofmirrors NN
#houseofmirrors NN
! .
@GuardWifeL NN
@TiffanyGreen48 NN
I PRP
've VBP
already RB
#ff'ed NN
her PRP$
she PRP
's POS
not RB
worthy JJ
of IN
two CD
in IN
one CD
day NN
! .
Lol NN
@ginamak NN
I PRP
've VBP
had VBD
what WP
was VBD
purportedly NN
Chicago-style NN
thin JJ
crust NN
from IN
a DT
pizzeria NN
in IN
this DT
area NN
before IN
. .
It PRP
was VBD
very RB
tasty JJ
, ,
but CC
the DT
... :
#oneofmyfollowers NN
has VBZ
the DT
hoodie NN
I PRP
wanna NN
wear VB
tonite NN
. .
#ohwell NN
@Team_Panic NN
omg NN
, ,
i NN
wish VBP
i NN
got VBD
paid VBN
to TO
freak NN
people NNS
out IN
. .
it PRP
's POS
so RB
funny JJ
when WRB
they PRP
think VBP
you'r NN
serious JJ
. .
noobs NN
. .
Polling NN
ends NNS
in IN
Bihar NN
today NN
, ,
counting VBG
on IN
November NNP
24 CD
http://toi.in/ujtwya NN
@JoeyImageDotCom NN
black JJ
friday NN
i NN
work NN
2-11 NN
not RB
too RB
bad JJ
lol NN
@TooSavii4tv NN
alright NN
bro NN
unc NN
said VBD
he PRP
do VBP
n't RB
what WP
time NN
he PRP
gonna NN
get VB
there EX
but CC
just RB
stay VB
cus NN
he PRP
's POS
gonna NN
cum NN
@Kristi_Taylor NN
Going VBG
to TO
Windsor NN
tomorrow NN
. .
Are VBP
you PRP
free JJ
on IN
Sunday NNP
? .
RT NN
@michael_schlact NN
: :
" NN
Nobody NN
can MD
go VB
back RB
and CC
start VB
a DT
new JJ
beginning VBG
, ,
but CC
anyone NN
can MD
start VB
today NN
and CC
make VB
a DT
new JJ
ending VBG
." NN
@BeeeestDJ NN
it PRP
seems VBZ
like IN
i NN
gotta NN
ignore VB
you PRP
for IN
a DT
whole JJ
week NN
. .
- :
, ,
- :
blame VB
yerself NN
for IN
being VBG
cheesy NN
. .
Bday NN
party NN
for IN
@SILVRSCREENSTAR NN
then RB
hp6 NN
with IN
my PRP$
girls NN
to TO
get VB
ready JJ
for IN
Sunday NNP
!! NN
RT NN
@keytaeonjongmin NN
: :
@KPOPSHINee NN
sharing VBG
a DT
room NN
with IN
onew NN
. .
so RB
i NN
can MD
see VB
him PRP
evertime/day NN
__AND__ NN
so RB
that IN
we PRP
can MD
be VB
more JJR
closer JJR
keke NN
^^ NN
@iHeartHummelToo NN
yeah NN
! .
I PRP
've VBP
never RB
noticed VBD
it PRP
before IN
, ,
I PRP
'm VBP
sure JJ
it PRP
must MD
be VB
new JJ
:/ NN
Hanging NN
out IN
with IN
drama NN
tonight RB
to TO
check NN
out IN
his PRP$
calves NN
@Demi_Louis NN
awwwwwwww NN
go VB
son NN
momma NN
loves VBZ
you PRP
since IN
the DT
day NN
you PRP
were VBD
born VBN
:) NN
#MOMMATWEET NN
Pretty NN
disappointed VBN
in IN
the DT
brothers NNS
tonight RB
... :
1 CD
. .
We PRP
lost VBD
jeopardy NN
and CC
2 CD
. .
they PRP
're VBP
pissing NN
me PRP
off IN
more JJR
and CC
more JJR
each DT
day NN
. .
@defpenradio NN
@boomkack NN
@ladygaga NN
We PRP
've VBP
beeb NN
waiting VBG
enthusiastically RB
for IN
half NN
a DT
year NN
. .
I PRP
think VBP
its PRP$
about IN
time NN
. .
We PRP
're VBP
dying VBG
. .
#BornThisWay NN
:) NN
RT NN
@ashtondoyle NN
: :
I PRP
am VBP
a DT
total JJ
dork NN
. .
But CC
having VBG
Flipboard NN
up IN
on IN
my PRP$
desk NN
all DT
day NN
makes VBZ
me PRP
happy JJ
. .
http://plixi.com/p/57934009 NN
plez NN
check NN
https://owensoto.wordpress.com/ NN
( NN
my PRP$
blog NN
) NN
__AND__ NN
http://www.youtube.com/user/22Soto22?feature=mhum NN
( NN
my PRP$
youtube NN
channel NN
) NN
if IN
u NN
have VBP
time NN
@RaqC NN
fo NN
shoooo NN
! .
Jajaja NN
luv NN
u NN
girl NN
. .
How WRB
was VBD
your PRP$
day NN
? .
RT NN
@mhking NN
: :
Memphis NNP
man NN
shoots NN
teen NN
who WP
refuses NN
to TO
pull VB
up IN
saggy NN
pants NNS
http://t.co/wZ0LIUw NN
hates NN
it PRP
when WRB
people NNS
untag NN
there EX
selfs NN
from IN
pictures NNS
that IN
no DT
ones NNS
even RB
going VBG
to TO
look VB
at IN
! .
- :
. .
- :
@_Rhiann NN
@Haworthinc NN
Hey NN
there EX
RP NN
... :
Hope NN
you PRP
're VBP
having VBG
a DT
great JJ
Monday NNP
!... NN
JG NN
A DT
NEW JJ
Alcohol NN
energy NN
drink NN
... :
which WDT
may MD
be VB
banned VBN
.. NN
because IN
it PRP
causes NNS
problems NNS
among IN
college NN
students NNS
. .
Gonna NN
start VB
my PRP$
gym NN
back RB
tomorrow NN
!! NN
@TheMichaelSuper NN
good JJ
morning NN
! .
How WRB
are VBP
you PRP
today NN
? .
RT NN
@RestaurantsATL NN
: :
It PRP
's POS
National NNP
Taco NNP
Day NNP
. .
BOGO NN
FREE NN
tacos NN
at IN
all DT
three CD
Tin NN
Lizzie NN
's POS
locations NNS
! .
http://ow.ly/2O5OA NN
#Atlanta NN
( NN
via IN
@365At NN
... :
Do VBP
n't RB
miss VB
out IN
on IN
our PRP$
Clearance NN
Blowout NN
Sale NN
! .
LAST NN
DAY NN
for IN
an DT
additional JJ
15% NN
off IN
on IN
all DT
clearance NN
items NNS
- :
Visit NN
http://bit.ly/clr104 NN
matiin NN
lampu NN
, ,
and CC
sleep VBP
zz NN
. .
nite NN
world NN
! .
see VB
u NN
tomorrow NN
LOOP NN
PRODUCTION NN
PRESENT NN
!!! NN
**ROCKSTAR**THURSDAY NN
7 CD
OCT NN
2010 CD
ONLY NN
@ IN
EQUINOX NN
!!!!!!! NN
INFO NN
08176595105 NN
http://yfrog.com/j7o94pj NN
. .
I PRP
'm VBP
stressed VBD
at IN
9am NN
, ,
shopping NN
on IN
my PRP$
lunch NN
break VB
..... NN
i NN
ca MD
n't RB
deal NN
w/ NN
this DT
shit NN
today NN
. .
#retailtherapy NN
I PRP
am VBP
in IN
such JJ
a DT
good JJ
mood NN
, ,
i NN
should MD
probably RB
do VBP
my PRP$
math NN
before IN
my PRP$
mood NN
changes NNS
and CC
i NN
dont NN
want VBP
to TO
later RB
... :
lol NN
RT NN
@Daigetsbusi NN
: :
After IN
@Rob_Manuchi NN
Bday NN
Bash NN
I PRP
'm VBP
not RB
doing VBG
nothing NN
Else RB
if IN
its PRP$
local JJ
... :
Nope UH
@Jezkwon NN
@kpop_stuff NN
Tweet NN
me PRP
a DT
member NN
for IN
picspam NN
. .
Will MD
do VBP
them PRP
tomorrow NN
morning NN
. .
( NN
: :
Wow UH
, ,
i NN
feel VB
so RB
much JJ
better JJR
after IN
working VBG
out IN
:) NN
so RB
worth JJ
it PRP
. .
RT NN
@treeoflifeceleb NN
: :
If IN
I PRP
knew VBD
I PRP
should MD
die VB
tomorrow NN
, ,
I PRP
would MD
plant NN
a DT
tree NN
today NN
. .
~Stephen NN
Girard~ NN
Come VB
to TO
the DT
Tree NN
of IN
Life NN
Celebration NN
! .
... :
@StarJonesEsq NN
just RB
shocked VBN
me PRP
for IN
the DT
second JJ
time NN
.. NN
she PRP
's POS
a DT
lawyer NN
!? NN
LOL NN
. .
No DT
tell VB
me PRP
it PRP
's POS
April NNP
1st NN
right NN
now RB
. .
Y NN
iis NN
Love NN
so RB
strong JJ
.. NN
y NN
ca MD
n't RB
you PRP
say VBP
fuck NN
iit NN
when WRB
you PRP
want VBP
too RB
??? NN
This DT
will MD
be VB
a DT
great JJ
week NN
hell NN
a DT
great JJ
month NN
@MeredithLim NN
No DT
. .
Tomorrow NN
. .
CIty NN
Sponsors NNS
Drug NNP
Toss NN
To TO
Dispose NN
Of IN
Expired NN
Medications NN
: :
Louisville NNP
and CC
several JJ
partners NNS
are VBP
offering NN
three CD
days NNS
... :
http://bit.ly/bbUSMP NN
October NNP
is VBZ
Breast NN
Cancer NNP
Awareness NN
month NN
- :
a DT
portion NN
of IN
the DT
proceeds NNS
from IN
purchase NN
of IN
this DT
beautiful JJ
diamond NN
... :
http://fb.me/B680RuaH NN
@Freyza_ NN
oh NN
thats NN
not RB
so RB
bad JJ
then RB
? .
And CC
, ,
what WP
time NN
do VBP
you PRP
get VB
off IN
? .
No DT
bike NN
t'day NN
:( NN
@BrianNeudorff NN
I PRP
have VBP
n't RB
seen VBN
it PRP
in IN
so RB
long JJ
! .
I PRP
'm VBP
overdue NN
for IN
some DT
thundersnow NN
RT NN
@KamilleLeai NN
: :
Even RB
when WRB
u NN
have VBP
no DT
job NN
, ,
monday NN
's POS
still RB
suck NN
lol NN
corrr NN
about IN
, ,
' POS
bet NN
id NN
have VBP
money NN
then RB
' POS
obviously RB
its PRP$
ma NN
bday NN
like IN
i NN
wont NN
get VB
bday NN
money NN
lool NN
some DT
ppl NN
make VB
me PRP
lol NN
, ,
hard JJ
time NN
these DT
days NNS
man NN
It PRP
was VBD
just RB
the DT
best JJS
day NN
of IN
my PRP$
life NN
.. NN
thanks NNS
to TO
some DT
people NNS
and CC
the DT
unknown NN
old JJ
lady NN
for IN
sharing VBG
her PRP$
experience NN
__AND__ NN
advice NN
... :
@pegasus_za NN
You PRP
're VBP
welcome VB
. .
Yeah NN
, ,
it PRP
's POS
not RB
a DT
bad JJ
day NN
, ,
just RB
feeling NN
a DT
little JJ
tired VBN
and CC
ill JJ
. .
How WRB
's POS
it PRP
going VBG
with IN
you PRP
? .
Think NN
I'ma NN
make VB
@GrownWomanStuff NN
have VBP
a DT
shoegasm NN
today NN
hahahaha NN
RT NN
@politicalwind NN
: :
Congress NNP
punts NN
tough JJ
choice NN
until IN
after IN
election NN
http://bit.ly/aEi59e NN
#oreillyfactor NN
Shower NN
time NN
the DT
flyin NN
pilot NN
I PRP
was VBD
at IN
last JJ
night NN
did VBD
n't RB
have VBP
no DT
hot JJ
water NN
uggghh NN
@gabbysueurban NN
WELL NN
seems VBZ
like IN
you PRP
had VBD
a DT
fantastic JJ
time NN
!!! NN
lol NN
MISSED NN
YAH NN
! .
:) NN
ttys NN
enough RB
assassins NN
creed NN
for IN
today NN
, ,
now RB
its PRP$
time NN
for IN
some DT
homework NN
, ,
and CC
a DT
chocolate NN
milkshake NN
:D NN
Most JJS
things NNS
usually RB
do VBP
RT NN
@johncabell NN
Somehow NN
it PRP
seems VBZ
a DT
much JJ
more JJR
sensible NN
idea NN
when WRB
@mccanner NN
suggests VBZ
it PRP
. .
Dude NN
in IN
my PRP$
group NN
in IN
my PRP$
Bcom NN
class NN
invited VBN
me PRP
to TO
an DT
Evangelist NN
revival NN
mass NN
... :
FUCKING NN
HATE NN
IT PRP
WHEN WRB
THEY NN
KNOW NN
I'M NN
PAGAN NN
AND CC
INVITE NN
ME NN
. .
ANGER NN
. .
We PRP
should MD
be VB
launching VBG
our PRP$
first JJ
street NN
team NN
promotion NN
today NN
. .
Stay VB
tuned NN
! .
http://tinyurl.com/22kset2 NN
Very NN
grateful NN
for IN
another DT
Monday NNP
and CC
a DT
new JJ
week NN
full JJ
of IN
endless JJ
possibilities NN
! .
Go VB
World NNP
! .
SCORES NN
WEEK NN
#4 NN
http://bit.ly/cDuurY NN
New NNP
Hannah NN
Montana NNP
tonight RB
!!! NN
:D NN
wow NN
I PRP
'm VBP
way NN
to TO
excited VBN
are VBP
n't RB
I PRP
? .
tomorrow NN
no DT
school NN
for IN
me PRP
but CC
I PRP
'm VBP
so RB
anxious JJ
beacuse NN
of IN
tomorrow NN
omg NN
:/ NN
Happy NN
1 CD
month NN
anniversary NN
to TO
my PRP$
wonderful JJ
wife NN
@lizwoodring NN
!!! NN
I PRP
finished VBD
it PRP
before IN
the DT
bell NN
rang NN
, ,
just RB
after IN
the DT
bell NN
started VBD
ringing VBG
..! NN
I PRP
sware NN
! .
@biancalilly NN
ahaha NN
! .
Omg NN
Bianca NN
, ,
that IN
made VBN
my PRP$
day NN
! .
all DT
night NN
email-athon NN
! .
really RB
need VBP
to TO
catch VB
up IN
- :
if IN
you PRP
've VBP
been VBN
waiting VBG
for IN
a DT
reply NN
all DT
summer NN
tonight RB
is VBZ
YOUR NN
night NN
! .
RT NN
@Yale NN
: :
RT NN
@YaleSOM NN
: :
Will MD
government NN
or CC
markets NNS
finance NN
sustainability NN
? .
A DT
free JJ
webinar NN
on IN
Oct NNP
. .
6 CD
. .
http://bit.ly/YaleSOMwebinar NN
RT NN
@UWEauClaire NN
: :
It PRP
's POS
Fire NNP
Prevention NN
Week NN
2010 CD
. .
Review NNP
these DT
home NN
prevention NN
guidelines NNS
http://bit.ly/ahmX6b NN
and CC
watch VB
this DT
video NN
http NN
: :
... :
Part NN
of IN
me PRP
always RB
thinks VBZ
life NN
will MD
slow JJ
down RB
in IN
the DT
fall NN
, ,
but CC
it PRP
feels VBZ
far RB
from IN
it PRP
! .
Time NNP
to TO
sync NN
up IN
my PRP$
calendars NN
soon RB
y'all PRP
care NN
if IN
I PRP
do VBP
a DT
countdown NN
to TO
#wku NN
homecoming NN
? .
ok NN
, ,
no DT
? .
26 CD
days NNS
Volleyball NN
player NN
Stephanie NNP
Rogers NNP
and CC
cross VBP
country NN
runner NN
Matt NNP
Brooker NN
named VBN
Cedarville NN
SUBWAY NN
Athetes NN
of IN
the DT
Week NN
( NN
9/26-10/2) NN
. .
... :
Good JJ
day NN
at IN
school NN
,! NN
Getting VBG
the DT
bus NN
home NN
from IN
school NN
was VBD
even RB
funnyer NN
:D NN
xHahaa NN
!! NN
;) NN
x NN
@ms_gee NN
Happy NN
B NNP
Day NNP
... :
@enaj NN
@autoclavicle NN
we PRP
saw VBD
one CD
last JJ
Sun NNP
morn NN
in IN
St NN
Paul NNP
. .
Only RB
time NN
I PRP
thought VBD
it PRP
could MD
be VB
fun NN
. .
Brunch NN
crawl NN
. .
FUCK NN
3D NN
!!!! NN
They PRP
going VBG
to TO
remake NN
every DT
single JJ
one CD
of IN
the DT
starwars NN
movies NNS
in IN
3D NN
and CC
show VB
new JJ
one CD
every DT
year NN
from IN
2012 CD
till IN
2017 NN
. .
FUCK NN
YOU PRP
3D NN
! .
RT NN
@malikismusic NN
: :
#TEAMPOSITIVITY NN
ALL NN
DAY NN
!!!! NN
RETWEET NN
!!! NN
Tomorrow NN
is VBZ
the DT
last JJ
day NN
to TO
join VB
our PRP$
team NN
as IN
we PRP
" NN
Race NN
for IN
the DT
Cure NN
"!! NN
Please VB
follow VB
the DT
instructions NNS
below IN
to TO
... :
http://fb.me/HdvXNndg NN
@Exclusively_T NN
it PRP
came VBD
on IN
my PRP$
pandora NN
today NN
tho NN
loser NN
so RB
I PRP
tweeted NN
it PRP
, ,
nobody NN
stuntin NN
yo NN
tweet NN
well RB
i NN
will MD
be VB
back RB
later RB
no DT
doubt NN
, ,
its PRP$
feeding VBG
time NN
at IN
the DT
zoo NN
!! NN
See VB
'll MD
later RB
! .
xx NN
It PRP
's POS
time NN
to TO
leave VB
. .
Thanks NNS
for IN
the DT
roller NN
coaster NN
ride NN
it PRP
's POS
been VBN
interesting JJ
but CC
excruciatingly NN
painful JJ
!! NN
@lesanto NN
have VBP
a DT
look VB
at IN
http://facebook.com/media14 NN
, ,
there EX
are VBP
postings NN
from IN
TechCrunch NN
and CC
Flowtown NN
that IN
may MD
help VB
#mobile NN
RT NN
@jakeandamir NN
: :
THIS NN
TWEET NN
IS VBZ
FOR IN
MY NN
EYES NN
ONLY NN
! .
PLEASE NN
STOP NN
READING NN
! .
Hey NN
Amir NN
, ,
in IN
case NN
you PRP
ever RB
forget VB
, ,
your PRP$
PIN NN
# #
is VBZ
3919 NN
. .
YOU PRP
MAY NN
ALL NN
BEG NN
@LucaHelvetica NN
Exactly NN
and CC
thats NN
why WRB
i NN
have VBP
qualified VBN
every DT
time NN
i NN
have VBP
said VBD
that IN
he PRP
hasnt NN
impressed VBN
me PRP
My PRP$
dad NN
laughed VBD
when WRB
he PRP
read VB
about IN
Linkin NN
Park NNP
being VBG
classified VBN
under IN
' POS
rap-rock'. NN
I PRP
hope NN
he PRP
did VBD
n't RB
mean VB
' POS
shit NN
my PRP$
son NN
listens NN
to'. NN
Antick NN
Musings NN
post NN
: :
Book-A-Day NN
2010 CD
# #
243 NN
( NN
10/4 NN
) NN
-- :
Gray NNP
Horses NN
by IN
Hope NN
Larson NNP
http://bit.ly/as8fvc NN
Amazing JJ
! .
RT NN
@dailygalaxy NN
Image NN
of IN
the DT
Day NNP
: :
A DT
Ghostly NN
Reflection NN
Nebula NN
http://su.pr/1XBMfP NN
@BexsterBexster NN
@shinobi32768 NN
I PRP
've VBP
been VBN
having VBG
soup NN
all DT
week NN
, ,
do VBP
n't RB
really RB
have VBP
a DT
favourite NN
. .
It PRP
's POS
starting VBG
to TO
taste NN
pretty RB
much JJ
the DT
same JJ
. .
Where WRB
It PRP
Started NN
: :
Guest NN
Editor NNP
Warren NNP
Ellis NNP
Explains NN
The DT
Origin NN
Of IN
' POS
Red': NN
... :
next JJ
two CD
weeks NNS
of IN
coverage NN
with IN
five CD
... :
http://bit.ly/bdoK3l NN
I PRP
like IN
when WRB
it PRP
rains NN
. .
volleyball NN
tomorrow NN
I PRP
'm VBP
not RB
an DT
emotional JJ
human JJ
being VBG
. .
I PRP
get VB
angry JJ
before IN
I PRP
get VB
sad JJ
. .
And CC
when WRB
I PRP
do VBP
get VB
sad JJ
, ,
It PRP
's POS
often RB
not RB
that IN
much JJ
. .
I PRP
guess VBP
I PRP
'm VBP
kinda NN
heartless NN
RT NN
@TricycleTheatre NN
: :
v NN
excited VBN
that IN
Director NNP
Nigel NNP
Cole NN
will MD
join VB
our PRP$
Made NN
in IN
Dagenham NN
Q__AND__A NN
next JJ
week NN
! .
More RBR
info NN
here RB
http://bit.ly/cNOeyS NN
@acoyne NN
but CC
then RB
what WP
's POS
the DT
point NN
of IN
twitter NN
if IN
people NNS
can MD
just RB
write VB
nice JJ
long JJ
messages NNS
? .
it PRP
would MD
lose VB
its PRP$
critical JJ
advantage NN
. .
RT NN
@SPN_minion NN
: :
#Supernatural NN
is VBZ
like IN
a DT
vitamin NN
, ,
you PRP
should MD
take VB
at IN
least JJS
one CD
dose NN
every DT
day NN
! .
After IN
so RB
longggggg NN
, ,
I PRP
'm VBP
finally RB
outta NN
the DT
overweight NN
category NN
! .
But CC
i NN
still RB
hate VBP
my PRP$
body NN
. .
Sighhhhh NN
~ NN
Just RB
5 NN
days NNS
until IN
our PRP$
huge JJ
Twice NN
Loved NN
Boutique NN
Breast NN
Cancer NNP
Awareness NN
Bag NN
Sale NN
Savings NNP
Event NN
! .
! .
We PRP
've VBP
got VBD
a DT
tent NN
... :
http://fb.me/EXtZkGSX NN
Jiaaah NN
.. NN
Ky NNP
barang NN
aja NN
maen NN
nitip NN
".. NN
Hahaha NN
.. NN
Udh NN
jul NN
.. NN
Galakin NN
aja NN
.. NN
Wkwkwk NN
RT NN
@riesranty NN
: :
@azkuro NN
kak NN
ajul NN
, ,
titip NN
... :
http://mtw.tl/lkfslx NN
Mum NN
just RB
told VBD
me PRP
she PRP
bought VBD
me PRP
an DT
alice NN
wig NN
and CC
an DT
eclipse NN
advent NN
calendar NN
, ,
could MD
this DT
day NN
get VB
better JJR
? .
He PRP
did VBD
okay JJ
when WRB
he PRP
played VBN
. .
RT NN
@Itsgreat2bme NN
: :
@bmoreumissedit NN
It PRP
was VBD
no DT
game NN
for IN
Adam NNP
, ,
what WP
is VBZ
it PRP
called VBN
by-week NN
? .
How WRB
did VBD
little JJ
G NN
do VBP
? .
" NN
when WRB
ur NN
feelin NN
good JJ
in IN
somebodys NN
spot NN
gettin NN
hot JJ
dont NN
stop VB
.. NN
just RB
dont NN
think VBP
im NN
not RB
.. NN
cuz NN
im NN
out IN
gettin NN
mineS NN
"! NN
realest NN
throwback NN
of IN
all DT
time NN
@IAMtheCOMMODORE NN
Today NN
is VBZ
my PRP$
20th JJ
birthday NN
and CC
it PRP
would MD
mean VB
the DT
world NN
to TO
me PRP
if IN
I PRP
got VBD
an DT
@reply NN
from IN
you PRP
today NN
! .
&lt; NN
3 CD
Happy NN
Monday NNP
to TO
Everyone NN
! .
#education NN
can MD
never RB
be VB
taken VBN
away RB
... :
go VB
follow VB
your PRP$
#dreams NN
@taylorrhicks NN
Thunder NN
, ,
lightening NN
, ,
first JJ
rain NN
we PRP
've VBP
had VBD
in IN
months NNS
... :
love VB
it PRP
! .
Chukchansi NN
had VBD
a DT
pow NN
wow NN
this DT
weekend NN
. .
Think NN
someone NN
did VBD
a DT
... :
Got VBD
another DT
two CD
box NN
of IN
chocolate NN
from IN
sister NN
. .
. .
Rewind NN
the DT
1st NN
time NN
I PRP
gave VBD
you PRP
a DT
bar NN
of IN
chocolate NN
. .
. .
Everything NN
pratically NN
remind NN
me PRP
of IN
you PRP
? .
@MzStarrBurst NN
You PRP
doing VBG
a DT
person NN
's POS
makeup NN
does VBZ
n't RB
dictate NN
what WP
medication NN
they PRP
may MD
receive VB
. .
That DT
's POS
my PRP$
point NN
. .
Do VBP
you PRP
want VBP
to TO
learn VB
how WRB
to TO
get VB
rooms NNS
at IN
the DT
Marriott NN
for IN
$35 NN
a DT
night NN
, ,
all DT
year NN
long JJ
? .
Check NN
this DT
out IN
! .
------ NN
&gt; NN
http://bit.ly/cL9IwC NN
RT NN
@IronRangeMN NN
: :
October NNP
Iron NN
Range NN
eNews NN
and CC
Specials NN
http://conta.cc/9N6D15 NN
via IN
#constantcontact NN
Dierks NN
Bentley NN
Admits NN
He PRP
Snuck NN
Into NN
Grand NNP
Ole NN
Opry NN
Before IN
He PRP
Made NN
It PRP
Big JJ
: :
Just RB
days NNS
after IN
join VB
... :
http://bit.ly/9LJLHE NN
Antick NN
Musings NN
post NN
: :
Reviewing NN
the DT
Mail NN
: :
Week NN
of IN
10/2 NN
http://bit.ly/9PIm5E NN
Trying VBG
Something NN
New NNP
In IN
Bed NN
( NN
You PRP
Game NN
? .
) NN
: :
Someone NN
wrote VBD
me PRP
last JJ
week NN
about IN
wanting VBG
to TO
role NN
play VB
. .
Her PRP$
husband NN
is VBZ
a DT
... :
http://yhoo.it/bX9l33 NN
Our PRP$
October NNP
issue NN
drops VBZ
today NN
! .
Pick NN
up IN
a DT
copy VB
in IN
your PRP$
area NN
for IN
birthday NN
party NN
ideas NNS
and CC
resources NNS
, ,
tons NNS
of IN
... :
http://fb.me/HsqX911j NN
Today NN
has VBZ
been VBN
a DT
GREAT NN
day NN
__AND__ NN
it PRP
just RB
keeps VBZ
getting VBG
better JJR
!!! NN
Thank VB
You PRP
Lord NNP
! .
Big JJ
news NN
, ,
indeed RB
! .
RT NN
@AlexPappasDC NN
Big JJ
news NN
at IN
TheDC NN
RT NN
@mkhammer NN
Start NN
new JJ
job NN
doing VBG
video NN
@DailyCaller NN
tomorrow NN
! .
http://is.gd/fKm4j NN
I PRP
'm VBP
so RB
addicted NN
to TO
Twitter NN
now RB
that IN
I PRP
can MD
tweet NN
all DT
the DT
time NN
. .
Not RB
good JJ
. .
@DORSEY33 NN
lol NN
aw NN
. .
i NN
thought VBD
u NN
was VBD
talkin NN
bout NN
another DT
time NN
. .
nd NN
i NN
dnt NN
see VB
u NN
either DT
! .
Deez NN
niggaz NN
now RB
a DT
days NNS
is VBZ
strate NN
clowns NN
... :
85% NN
of IN
deez NN
niggaz NN
ai NN
n't RB
shit NN
wit NN
out IN
eachother NN
.. NN
#bitchmade NN
@Bibhu2109 NN
No DT
. .
He PRP
's POS
gonna NN
run VB
out IN
of IN
money NN
some DT
day NN
:P NN
@SincerelyKRenee NN
but CC
u NN
can MD
just RB
get VB
her PRP$
shit NN
today NN
n NN
do VBP
n't RB
forget VB
goosh NN
we PRP
know VB
how WRB
u NN
get VB
b4 NN
I PRP
make VB
her PRP$
beat VB
on IN
u NN
Forbidden NN
Fruit NNP
: :
How WRB
to TO
Deal NNP
When WRB
Your PRP$
Crush NN
Is VBZ
Taken NN
: :
http://yhoo.it/aFG5Ue NN
RT NN
@MyssLidia NN
: :
If IN
u NN
call VB
someone NN
5x NN
's POS
a DT
day NN
and CC
they PRP
do VBP
n't RB
answer NN
, ,
do VBP
u NN
not RB
get VB
a DT
hint VBP
that IN
MAYBE NN
they PRP
just RB
do VBP
n't RB
wanna NN
talk VB
to TO
u NN
!!!!! NN
